14:55:31.116 [main] DEBUG - using default POIXMLDocumentPart for http://schemas.openxmlformats.org/officeDocument/2006/relationships/printerSettings
14:55:31.121 [main] DEBUG - using default POIXMLDocumentPart for http://schemas.openxmlformats.org/officeDocument/2006/relationships/printerSettings
14:55:32.355 [main] INFO  - Entering PassWord
14:55:32.362 [main] DEBUG - Parsing relationship: /xl/_rels/workbook.xml.rels
14:55:32.363 [main] DEBUG - Parsing relationship: /xl/worksheets/_rels/sheet1.xml.rels
14:55:32.363 [main] DEBUG - Parsing relationship: /xl/worksheets/_rels/sheet2.xml.rels
14:55:32.365 [main] DEBUG - Parsing relationship: /xl/worksheets/_rels/sheet3.xml.rels
14:55:32.366 [main] DEBUG - Parsing relationship: /_rels/.rels
14:55:32.376 [main] DEBUG - using default POIXMLDocumentPart for http://schemas.openxmlformats.org/officeDocument/2006/relationships/printerSettings
14:55:32.377 [main] DEBUG - using default POIXMLDocumentPart for http://schemas.openxmlformats.org/officeDocument/2006/relationships/printerSettings
14:55:32.395 [main] TRACE - Resolving type for handle stcellstylexfid70c7type
14:55:32.399 [main] TRACE - Resolving type for handle stnumfmtid76fbtype
14:55:32.400 [main] TRACE - Resolving type for handle ctworkbookpr03a5type
14:55:32.469 [main] INFO  - Password Entered
14:55:32.744 [main] DEBUG - Parsing relationship: /xl/_rels/workbook.xml.rels
14:55:32.746 [main] DEBUG - Parsing relationship: /xl/worksheets/_rels/sheet1.xml.rels
14:55:32.747 [main] DEBUG - Parsing relationship: /xl/worksheets/_rels/sheet2.xml.rels
14:55:32.748 [main] DEBUG - Parsing relationship: /xl/worksheets/_rels/sheet3.xml.rels
14:55:32.748 [main] DEBUG - Parsing relationship: /_rels/.rels
14:55:32.760 [main] DEBUG - using default POIXMLDocumentPart for http://schemas.openxmlformats.org/officeDocument/2006/relationships/printerSettings
14:55:32.760 [main] DEBUG - using default POIXMLDocumentPart for http://schemas.openxmlformats.org/officeDocument/2006/relationships/printerSettings
14:55:33.233 [main] DEBUG - Parsing relationship: /xl/_rels/workbook.xml.rels
14:55:33.234 [main] DEBUG - Parsing relationship: /xl/worksheets/_rels/sheet1.xml.rels
14:55:33.236 [main] DEBUG - Parsing relationship: /xl/worksheets/_rels/sheet2.xml.rels
14:55:33.237 [main] DEBUG - Parsing relationship: /xl/worksheets/_rels/sheet3.xml.rels
14:55:33.239 [main] DEBUG - Parsing relationship: /_rels/.rels
14:55:33.248 [main] DEBUG - using default POIXMLDocumentPart for http://schemas.openxmlformats.org/officeDocument/2006/relationships/printerSettings
14:55:33.250 [main] DEBUG - using default POIXMLDocumentPart for http://schemas.openxmlformats.org/officeDocument/2006/relationships/printerSettings
14:55:33.468 [main] DEBUG - Parsing relationship: /xl/_rels/workbook.xml.rels
14:55:33.469 [main] DEBUG - Parsing relationship: /xl/worksheets/_rels/sheet1.xml.rels
14:55:33.470 [main] DEBUG - Parsing relationship: /xl/worksheets/_rels/sheet2.xml.rels
14:55:33.471 [main] DEBUG - Parsing relationship: /xl/worksheets/_rels/sheet3.xml.rels
14:55:33.471 [main] DEBUG - Parsing relationship: /_rels/.rels
14:55:33.480 [main] DEBUG - using default POIXMLDocumentPart for http://schemas.openxmlformats.org/officeDocument/2006/relationships/printerSettings
14:55:33.481 [main] DEBUG - using default POIXMLDocumentPart for http://schemas.openxmlformats.org/officeDocument/2006/relationships/printerSettings
14:55:33.759 [main] DEBUG - Parsing relationship: /xl/_rels/workbook.xml.rels
14:55:33.761 [main] DEBUG - Parsing relationship: /xl/worksheets/_rels/sheet1.xml.rels
14:55:33.761 [main] DEBUG - Parsing relationship: /xl/worksheets/_rels/sheet2.xml.rels
14:55:33.762 [main] DEBUG - Parsing relationship: /xl/worksheets/_rels/sheet3.xml.rels
14:55:33.762 [main] DEBUG - Parsing relationship: /_rels/.rels
14:55:33.776 [main] DEBUG - using default POIXMLDocumentPart for http://schemas.openxmlformats.org/officeDocument/2006/relationships/printerSettings
14:55:33.776 [main] DEBUG - using default POIXMLDocumentPart for http://schemas.openxmlformats.org/officeDocument/2006/relationships/printerSettings
14:55:34.758 [main] DEBUG - Parsing relationship: /xl/_rels/workbook.xml.rels
14:55:34.759 [main] DEBUG - Parsing relationship: /xl/worksheets/_rels/sheet1.xml.rels
14:55:34.759 [main] DEBUG - Parsing relationship: /xl/worksheets/_rels/sheet2.xml.rels
14:55:34.760 [main] DEBUG - Parsing relationship: /xl/worksheets/_rels/sheet3.xml.rels
14:55:34.760 [main] DEBUG - Parsing relationship: /_rels/.rels
14:55:34.767 [main] DEBUG - using default POIXMLDocumentPart for http://schemas.openxmlformats.org/officeDocument/2006/relationships/printerSettings
14:55:34.769 [main] DEBUG - using default POIXMLDocumentPart for http://schemas.openxmlformats.org/officeDocument/2006/relationships/printerSettings
14:55:35.033 [main] DEBUG - Parsing relationship: /xl/_rels/workbook.xml.rels
14:55:35.033 [main] DEBUG - Parsing relationship: /xl/worksheets/_rels/sheet1.xml.rels
14:55:35.035 [main] DEBUG - Parsing relationship: /xl/worksheets/_rels/sheet2.xml.rels
14:55:35.035 [main] DEBUG - Parsing relationship: /xl/worksheets/_rels/sheet3.xml.rels
14:55:35.036 [main] DEBUG - Parsing relationship: /_rels/.rels
14:55:35.044 [main] DEBUG - using default POIXMLDocumentPart for http://schemas.openxmlformats.org/officeDocument/2006/relationships/printerSettings
14:55:35.044 [main] DEBUG - using default POIXMLDocumentPart for http://schemas.openxmlformats.org/officeDocument/2006/relationships/printerSettings
14:55:35.317 [main] DEBUG - Parsing relationship: /xl/_rels/workbook.xml.rels
14:55:35.318 [main] DEBUG - Parsing relationship: /xl/worksheets/_rels/sheet1.xml.rels
14:55:35.318 [main] DEBUG - Parsing relationship: /xl/worksheets/_rels/sheet2.xml.rels
14:55:35.319 [main] DEBUG - Parsing relationship: /xl/worksheets/_rels/sheet3.xml.rels
14:55:35.319 [main] DEBUG - Parsing relationship: /_rels/.rels
14:55:35.328 [main] DEBUG - using default POIXMLDocumentPart for http://schemas.openxmlformats.org/officeDocument/2006/relationships/printerSettings
14:55:35.328 [main] DEBUG - using default POIXMLDocumentPart for http://schemas.openxmlformats.org/officeDocument/2006/relationships/printerSettings
14:55:35.589 [main] DEBUG - Parsing relationship: /xl/_rels/workbook.xml.rels
14:55:35.590 [main] DEBUG - Parsing relationship: /xl/worksheets/_rels/sheet1.xml.rels
14:55:35.590 [main] DEBUG - Parsing relationship: /xl/worksheets/_rels/sheet2.xml.rels
14:55:35.591 [main] DEBUG - Parsing relationship: /xl/worksheets/_rels/sheet3.xml.rels
14:55:35.591 [main] DEBUG - Parsing relationship: /_rels/.rels
14:55:35.600 [main] DEBUG - using default POIXMLDocumentPart for http://schemas.openxmlformats.org/officeDocument/2006/relationships/printerSettings
14:55:35.601 [main] DEBUG - using default POIXMLDocumentPart for http://schemas.openxmlformats.org/officeDocument/2006/relationships/printerSettings
14:55:35.839 [main] DEBUG - Parsing relationship: /xl/_rels/workbook.xml.rels
14:55:35.840 [main] DEBUG - Parsing relationship: /xl/worksheets/_rels/sheet1.xml.rels
14:55:35.841 [main] DEBUG - Parsing relationship: /xl/worksheets/_rels/sheet2.xml.rels
14:55:35.841 [main] DEBUG - Parsing relationship: /xl/worksheets/_rels/sheet3.xml.rels
14:55:35.841 [main] DEBUG - Parsing relationship: /_rels/.rels
14:55:35.848 [main] DEBUG - using default POIXMLDocumentPart for http://schemas.openxmlformats.org/officeDocument/2006/relationships/printerSettings
14:55:35.848 [main] DEBUG - using default POIXMLDocumentPart for http://schemas.openxmlformats.org/officeDocument/2006/relationships/printerSettings
14:55:36.078 [main] DEBUG - Parsing relationship: /xl/_rels/workbook.xml.rels
14:55:36.078 [main] DEBUG - Parsing relationship: /xl/worksheets/_rels/sheet1.xml.rels
14:55:36.079 [main] DEBUG - Parsing relationship: /xl/worksheets/_rels/sheet2.xml.rels
14:55:36.079 [main] DEBUG - Parsing relationship: /xl/worksheets/_rels/sheet3.xml.rels
14:55:36.080 [main] DEBUG - Parsing relationship: /_rels/.rels
14:55:36.089 [main] DEBUG - using default POIXMLDocumentPart for http://schemas.openxmlformats.org/officeDocument/2006/relationships/printerSettings
14:55:36.089 [main] DEBUG - using default POIXMLDocumentPart for http://schemas.openxmlformats.org/officeDocument/2006/relationships/printerSettings
14:55:36.325 [main] DEBUG - Parsing relationship: /xl/_rels/workbook.xml.rels
14:55:36.326 [main] DEBUG - Parsing relationship: /xl/worksheets/_rels/sheet1.xml.rels
14:55:36.326 [main] DEBUG - Parsing relationship: /xl/worksheets/_rels/sheet2.xml.rels
14:55:36.326 [main] DEBUG - Parsing relationship: /xl/worksheets/_rels/sheet3.xml.rels
14:55:36.327 [main] DEBUG - Parsing relationship: /_rels/.rels
14:55:36.335 [main] DEBUG - using default POIXMLDocumentPart for http://schemas.openxmlformats.org/officeDocument/2006/relationships/printerSettings
14:55:36.335 [main] DEBUG - using default POIXMLDocumentPart for http://schemas.openxmlformats.org/officeDocument/2006/relationships/printerSettings
14:55:36.569 [main] DEBUG - Parsing relationship: /xl/_rels/workbook.xml.rels
14:55:36.570 [main] DEBUG - Parsing relationship: /xl/worksheets/_rels/sheet1.xml.rels
14:55:36.571 [main] DEBUG - Parsing relationship: /xl/worksheets/_rels/sheet2.xml.rels
14:55:36.571 [main] DEBUG - Parsing relationship: /xl/worksheets/_rels/sheet3.xml.rels
14:55:36.572 [main] DEBUG - Parsing relationship: /_rels/.rels
14:55:36.577 [main] DEBUG - using default POIXMLDocumentPart for http://schemas.openxmlformats.org/officeDocument/2006/relationships/printerSettings
14:55:36.577 [main] DEBUG - using default POIXMLDocumentPart for http://schemas.openxmlformats.org/officeDocument/2006/relationships/printerSettings
14:58:23.133 [main] DEBUG - Parsing relationship: /xl/_rels/workbook.xml.rels
14:58:23.139 [main] DEBUG - Parsing relationship: /xl/worksheets/_rels/sheet1.xml.rels
14:58:23.140 [main] DEBUG - Parsing relationship: /xl/worksheets/_rels/sheet2.xml.rels
14:58:23.141 [main] DEBUG - Parsing relationship: /xl/worksheets/_rels/sheet3.xml.rels
14:58:23.142 [main] DEBUG - Parsing relationship: /_rels/.rels
14:58:23.258 [main] TRACE - Loading type system org.apache.poi.schemas.ooxml.system.ooxml
14:58:23.260 [main] TRACE - Loading type system org.apache.xmlbeans.metadata.system.sXMLCONFIG
14:58:23.261 [main] TRACE - Loading type system org.apache.xmlbeans.metadata.system.sXMLLANG
14:58:23.262 [main] TRACE - Loading type system org.apache.xmlbeans.metadata.system.sXMLSCHEMA
14:58:23.262 [main] TRACE - Loading type system org.apache.xmlbeans.metadata.system.sXMLTOOLS
14:58:23.263 [main] TRACE - Reading unresolved handles for type system org.apache.xmlbeans.metadata.system.sXMLTOOLS
14:58:23.272 [main] TRACE - Finished loading type system org.apache.xmlbeans.metadata.system.sXMLTOOLS
14:58:23.273 [main] TRACE - Reading unresolved handles for type system org.apache.xmlbeans.metadata.system.sXMLSCHEMA
14:58:23.276 [main] TRACE - Finished loading type system org.apache.xmlbeans.metadata.system.sXMLSCHEMA
14:58:23.277 [main] TRACE - Reading unresolved handles for type system org.apache.xmlbeans.metadata.system.sXMLLANG
14:58:23.277 [main] TRACE - Finished loading type system org.apache.xmlbeans.metadata.system.sXMLLANG
14:58:23.278 [main] TRACE - Reading unresolved handles for type system org.apache.xmlbeans.metadata.system.sXMLCONFIG
14:58:23.278 [main] TRACE - Finished loading type system org.apache.xmlbeans.metadata.system.sXMLCONFIG
14:58:23.279 [main] TRACE - Reading unresolved handles for type system org.apache.poi.schemas.ooxml.system.ooxml
14:58:23.316 [main] TRACE - Finished loading type system org.apache.poi.schemas.ooxml.system.ooxml
14:58:23.316 [main] TRACE - Resolving type for handle themefd26doctype
14:58:23.353 [main] TRACE - Resolving type for handle stylesheet5d8bdoctype
14:58:23.357 [main] TRACE - Resolving type for handle ctstylesheet4257type
14:58:23.360 [main] TRACE - Resolving type for handle ctfonts6623type
14:58:23.363 [main] TRACE - Resolving type for handle ctfont14d8type
14:58:23.365 [main] TRACE - Resolving type for handle ctfills2c6ftype
14:58:23.367 [main] TRACE - Resolving type for handle ctfill550ctype
14:58:23.368 [main] TRACE - Resolving type for handle ctborders0d66type
14:58:23.370 [main] TRACE - Resolving type for handle ctborderf935type
14:58:23.372 [main] TRACE - Resolving type for handle ctcellxfs1322type
14:58:23.375 [main] TRACE - Resolving type for handle ctxf97f7type
14:58:23.377 [main] TRACE - Resolving type for handle ctcellstylexfsa81ftype
14:58:23.378 [main] TRACE - Resolving type for handle ctdxfsb26atype
14:58:23.379 [main] TRACE - Resolving type for handle cttablestyles872ftype
14:58:23.381 [main] TRACE - Resolving type for handle sstf81fdoctype
14:58:23.384 [main] TRACE - Resolving type for handle ctsst44f3type
14:58:23.394 [main] TRACE - Resolving type for handle ctrsta472type
14:58:23.406 [main] DEBUG - using default POIXMLDocumentPart for http://schemas.openxmlformats.org/officeDocument/2006/relationships/printerSettings
14:58:23.406 [main] DEBUG - using default POIXMLDocumentPart for http://schemas.openxmlformats.org/officeDocument/2006/relationships/printerSettings
14:58:23.408 [main] TRACE - Resolving type for handle workbookec17doctype
14:58:23.410 [main] TRACE - Resolving type for handle ctworkbook83c3type
14:58:23.413 [main] TRACE - Resolving type for handle ctsheets49fdtype
14:58:23.414 [main] TRACE - Resolving type for handle ctsheet4dbetype
14:58:23.415 [main] TRACE - Resolving type for handle strelationshipid1e94type
14:58:23.416 [main] TRACE - Resolving type for handle worksheetf539doctype
14:58:23.419 [main] TRACE - Resolving type for handle ctworksheet530dtype
14:58:23.426 [main] TRACE - Resolving type for handle ctcols627ctype
14:58:23.430 [main] TRACE - Resolving type for handle ctcola95ftype
14:58:23.444 [main] TRACE - Resolving type for handle ctsheetdata8408type
14:58:23.450 [main] TRACE - Resolving type for handle ctrowdd39type
14:58:23.454 [main] TRACE - Resolving type for handle ctcell842btype
14:58:23.458 [main] TRACE - Resolving type for handle stcellrefe4e0type
14:58:23.464 [main] TRACE - Resolving type for handle cthyperlinks6416type
14:58:23.465 [main] TRACE - Resolving type for handle cthyperlink0c85type
14:58:23.482 [main] TRACE - Resolving type for handle stxstringf179type
14:58:23.484 [main] TRACE - Resolving type for handle stcelltypebf95type
14:58:23.720 [main] DEBUG - Parsing relationship: /xl/_rels/workbook.xml.rels
14:58:23.720 [main] DEBUG - Parsing relationship: /xl/worksheets/_rels/sheet1.xml.rels
14:58:23.722 [main] DEBUG - Parsing relationship: /xl/worksheets/_rels/sheet2.xml.rels
14:58:23.723 [main] DEBUG - Parsing relationship: /xl/worksheets/_rels/sheet3.xml.rels
14:58:23.723 [main] DEBUG - Parsing relationship: /_rels/.rels
14:58:23.733 [main] DEBUG - using default POIXMLDocumentPart for http://schemas.openxmlformats.org/officeDocument/2006/relationships/printerSettings
14:58:23.733 [main] DEBUG - using default POIXMLDocumentPart for http://schemas.openxmlformats.org/officeDocument/2006/relationships/printerSettings
14:58:25.131 [main] INFO  - Entering PassWord
14:58:25.138 [main] DEBUG - Parsing relationship: /xl/_rels/workbook.xml.rels
14:58:25.139 [main] DEBUG - Parsing relationship: /xl/worksheets/_rels/sheet1.xml.rels
14:58:25.140 [main] DEBUG - Parsing relationship: /xl/worksheets/_rels/sheet2.xml.rels
14:58:25.140 [main] DEBUG - Parsing relationship: /xl/worksheets/_rels/sheet3.xml.rels
14:58:25.141 [main] DEBUG - Parsing relationship: /_rels/.rels
14:58:25.156 [main] DEBUG - using default POIXMLDocumentPart for http://schemas.openxmlformats.org/officeDocument/2006/relationships/printerSettings
14:58:25.157 [main] DEBUG - using default POIXMLDocumentPart for http://schemas.openxmlformats.org/officeDocument/2006/relationships/printerSettings
14:58:25.176 [main] TRACE - Resolving type for handle stcellstylexfid70c7type
14:58:25.178 [main] TRACE - Resolving type for handle stnumfmtid76fbtype
14:58:25.180 [main] TRACE - Resolving type for handle ctworkbookpr03a5type
14:58:25.246 [main] INFO  - Password Entered
14:58:25.451 [main] DEBUG - Parsing relationship: /xl/_rels/workbook.xml.rels
14:58:25.451 [main] DEBUG - Parsing relationship: /xl/worksheets/_rels/sheet1.xml.rels
14:58:25.452 [main] DEBUG - Parsing relationship: /xl/worksheets/_rels/sheet2.xml.rels
14:58:25.453 [main] DEBUG - Parsing relationship: /xl/worksheets/_rels/sheet3.xml.rels
14:58:25.453 [main] DEBUG - Parsing relationship: /_rels/.rels
14:58:25.461 [main] DEBUG - using default POIXMLDocumentPart for http://schemas.openxmlformats.org/officeDocument/2006/relationships/printerSettings
14:58:25.462 [main] DEBUG - using default POIXMLDocumentPart for http://schemas.openxmlformats.org/officeDocument/2006/relationships/printerSettings
14:58:25.872 [main] DEBUG - Parsing relationship: /xl/_rels/workbook.xml.rels
14:58:25.872 [main] DEBUG - Parsing relationship: /xl/worksheets/_rels/sheet1.xml.rels
14:58:25.872 [main] DEBUG - Parsing relationship: /xl/worksheets/_rels/sheet2.xml.rels
14:58:25.874 [main] DEBUG - Parsing relationship: /xl/worksheets/_rels/sheet3.xml.rels
14:58:25.875 [main] DEBUG - Parsing relationship: /_rels/.rels
14:58:25.883 [main] DEBUG - using default POIXMLDocumentPart for http://schemas.openxmlformats.org/officeDocument/2006/relationships/printerSettings
14:58:25.883 [main] DEBUG - using default POIXMLDocumentPart for http://schemas.openxmlformats.org/officeDocument/2006/relationships/printerSettings
14:58:26.114 [main] DEBUG - Parsing relationship: /xl/_rels/workbook.xml.rels
14:58:26.115 [main] DEBUG - Parsing relationship: /xl/worksheets/_rels/sheet1.xml.rels
14:58:26.115 [main] DEBUG - Parsing relationship: /xl/worksheets/_rels/sheet2.xml.rels
14:58:26.116 [main] DEBUG - Parsing relationship: /xl/worksheets/_rels/sheet3.xml.rels
14:58:26.116 [main] DEBUG - Parsing relationship: /_rels/.rels
14:58:26.122 [main] DEBUG - using default POIXMLDocumentPart for http://schemas.openxmlformats.org/officeDocument/2006/relationships/printerSettings
14:58:26.122 [main] DEBUG - using default POIXMLDocumentPart for http://schemas.openxmlformats.org/officeDocument/2006/relationships/printerSettings
14:58:26.342 [main] DEBUG - Parsing relationship: /xl/_rels/workbook.xml.rels
14:58:26.343 [main] DEBUG - Parsing relationship: /xl/worksheets/_rels/sheet1.xml.rels
14:58:26.343 [main] DEBUG - Parsing relationship: /xl/worksheets/_rels/sheet2.xml.rels
14:58:26.345 [main] DEBUG - Parsing relationship: /xl/worksheets/_rels/sheet3.xml.rels
14:58:26.345 [main] DEBUG - Parsing relationship: /_rels/.rels
14:58:26.355 [main] DEBUG - using default POIXMLDocumentPart for http://schemas.openxmlformats.org/officeDocument/2006/relationships/printerSettings
14:58:26.355 [main] DEBUG - using default POIXMLDocumentPart for http://schemas.openxmlformats.org/officeDocument/2006/relationships/printerSettings
14:58:26.576 [main] DEBUG - Parsing relationship: /xl/_rels/workbook.xml.rels
14:58:26.577 [main] DEBUG - Parsing relationship: /xl/worksheets/_rels/sheet1.xml.rels
14:58:26.577 [main] DEBUG - Parsing relationship: /xl/worksheets/_rels/sheet2.xml.rels
14:58:26.578 [main] DEBUG - Parsing relationship: /xl/worksheets/_rels/sheet3.xml.rels
14:58:26.579 [main] DEBUG - Parsing relationship: /_rels/.rels
14:58:26.588 [main] DEBUG - using default POIXMLDocumentPart for http://schemas.openxmlformats.org/officeDocument/2006/relationships/printerSettings
14:58:26.588 [main] DEBUG - using default POIXMLDocumentPart for http://schemas.openxmlformats.org/officeDocument/2006/relationships/printerSettings
14:58:26.861 [main] DEBUG - Parsing relationship: /xl/_rels/workbook.xml.rels
14:58:26.862 [main] DEBUG - Parsing relationship: /xl/worksheets/_rels/sheet1.xml.rels
14:58:26.863 [main] DEBUG - Parsing relationship: /xl/worksheets/_rels/sheet2.xml.rels
14:58:26.863 [main] DEBUG - Parsing relationship: /xl/worksheets/_rels/sheet3.xml.rels
14:58:26.863 [main] DEBUG - Parsing relationship: /_rels/.rels
14:58:26.875 [main] DEBUG - using default POIXMLDocumentPart for http://schemas.openxmlformats.org/officeDocument/2006/relationships/printerSettings
14:58:26.876 [main] DEBUG - using default POIXMLDocumentPart for http://schemas.openxmlformats.org/officeDocument/2006/relationships/printerSettings
14:58:27.123 [main] DEBUG - Parsing relationship: /xl/_rels/workbook.xml.rels
14:58:27.124 [main] DEBUG - Parsing relationship: /xl/worksheets/_rels/sheet1.xml.rels
14:58:27.124 [main] DEBUG - Parsing relationship: /xl/worksheets/_rels/sheet2.xml.rels
14:58:27.125 [main] DEBUG - Parsing relationship: /xl/worksheets/_rels/sheet3.xml.rels
14:58:27.125 [main] DEBUG - Parsing relationship: /_rels/.rels
14:58:27.134 [main] DEBUG - using default POIXMLDocumentPart for http://schemas.openxmlformats.org/officeDocument/2006/relationships/printerSettings
14:58:27.135 [main] DEBUG - using default POIXMLDocumentPart for http://schemas.openxmlformats.org/officeDocument/2006/relationships/printerSettings
14:58:27.408 [main] DEBUG - Parsing relationship: /xl/_rels/workbook.xml.rels
14:58:27.409 [main] DEBUG - Parsing relationship: /xl/worksheets/_rels/sheet1.xml.rels
14:58:27.409 [main] DEBUG - Parsing relationship: /xl/worksheets/_rels/sheet2.xml.rels
14:58:27.411 [main] DEBUG - Parsing relationship: /xl/worksheets/_rels/sheet3.xml.rels
14:58:27.411 [main] DEBUG - Parsing relationship: /_rels/.rels
14:58:27.420 [main] DEBUG - using default POIXMLDocumentPart for http://schemas.openxmlformats.org/officeDocument/2006/relationships/printerSettings
14:58:27.420 [main] DEBUG - using default POIXMLDocumentPart for http://schemas.openxmlformats.org/officeDocument/2006/relationships/printerSettings
14:58:27.697 [main] DEBUG - Parsing relationship: /xl/_rels/workbook.xml.rels
14:58:27.698 [main] DEBUG - Parsing relationship: /xl/worksheets/_rels/sheet1.xml.rels
14:58:27.698 [main] DEBUG - Parsing relationship: /xl/worksheets/_rels/sheet2.xml.rels
14:58:27.700 [main] DEBUG - Parsing relationship: /xl/worksheets/_rels/sheet3.xml.rels
14:58:27.700 [main] DEBUG - Parsing relationship: /_rels/.rels
14:58:27.710 [main] DEBUG - using default POIXMLDocumentPart for http://schemas.openxmlformats.org/officeDocument/2006/relationships/printerSettings
14:58:27.710 [main] DEBUG - using default POIXMLDocumentPart for http://schemas.openxmlformats.org/officeDocument/2006/relationships/printerSettings
14:58:27.967 [main] DEBUG - Parsing relationship: /xl/_rels/workbook.xml.rels
14:58:27.968 [main] DEBUG - Parsing relationship: /xl/worksheets/_rels/sheet1.xml.rels
14:58:27.968 [main] DEBUG - Parsing relationship: /xl/worksheets/_rels/sheet2.xml.rels
14:58:27.970 [main] DEBUG - Parsing relationship: /xl/worksheets/_rels/sheet3.xml.rels
14:58:27.970 [main] DEBUG - Parsing relationship: /_rels/.rels
14:58:27.977 [main] DEBUG - using default POIXMLDocumentPart for http://schemas.openxmlformats.org/officeDocument/2006/relationships/printerSettings
14:58:27.977 [main] DEBUG - using default POIXMLDocumentPart for http://schemas.openxmlformats.org/officeDocument/2006/relationships/printerSettings
14:58:28.225 [main] DEBUG - Parsing relationship: /xl/_rels/workbook.xml.rels
14:58:28.226 [main] DEBUG - Parsing relationship: /xl/worksheets/_rels/sheet1.xml.rels
14:58:28.226 [main] DEBUG - Parsing relationship: /xl/worksheets/_rels/sheet2.xml.rels
14:58:28.226 [main] DEBUG - Parsing relationship: /xl/worksheets/_rels/sheet3.xml.rels
14:58:28.227 [main] DEBUG - Parsing relationship: /_rels/.rels
14:58:28.235 [main] DEBUG - using default POIXMLDocumentPart for http://schemas.openxmlformats.org/officeDocument/2006/relationships/printerSettings
14:58:28.235 [main] DEBUG - using default POIXMLDocumentPart for http://schemas.openxmlformats.org/officeDocument/2006/relationships/printerSettings
14:58:28.453 [main] DEBUG - Parsing relationship: /xl/_rels/workbook.xml.rels
14:58:28.454 [main] DEBUG - Parsing relationship: /xl/worksheets/_rels/sheet1.xml.rels
14:58:28.454 [main] DEBUG - Parsing relationship: /xl/worksheets/_rels/sheet2.xml.rels
14:58:28.455 [main] DEBUG - Parsing relationship: /xl/worksheets/_rels/sheet3.xml.rels
14:58:28.455 [main] DEBUG - Parsing relationship: /_rels/.rels
14:58:28.466 [main] DEBUG - using default POIXMLDocumentPart for http://schemas.openxmlformats.org/officeDocument/2006/relationships/printerSettings
14:58:28.466 [main] DEBUG - using default POIXMLDocumentPart for http://schemas.openxmlformats.org/officeDocument/2006/relationships/printerSettings
15:02:04.915 [main] DEBUG - Parsing relationship: /xl/_rels/workbook.xml.rels
15:02:04.919 [main] DEBUG - Parsing relationship: /xl/worksheets/_rels/sheet1.xml.rels
15:02:04.920 [main] DEBUG - Parsing relationship: /xl/worksheets/_rels/sheet2.xml.rels
15:02:04.920 [main] DEBUG - Parsing relationship: /xl/worksheets/_rels/sheet3.xml.rels
15:02:04.921 [main] DEBUG - Parsing relationship: /_rels/.rels
15:02:05.051 [main] TRACE - Loading type system org.apache.poi.schemas.ooxml.system.ooxml
15:02:05.053 [main] TRACE - Loading type system org.apache.xmlbeans.metadata.system.sXMLCONFIG
15:02:05.053 [main] TRACE - Loading type system org.apache.xmlbeans.metadata.system.sXMLLANG
15:02:05.054 [main] TRACE - Loading type system org.apache.xmlbeans.metadata.system.sXMLSCHEMA
15:02:05.054 [main] TRACE - Loading type system org.apache.xmlbeans.metadata.system.sXMLTOOLS
15:02:05.055 [main] TRACE - Reading unresolved handles for type system org.apache.xmlbeans.metadata.system.sXMLTOOLS
15:02:05.063 [main] TRACE - Finished loading type system org.apache.xmlbeans.metadata.system.sXMLTOOLS
15:02:05.063 [main] TRACE - Reading unresolved handles for type system org.apache.xmlbeans.metadata.system.sXMLSCHEMA
15:02:05.068 [main] TRACE - Finished loading type system org.apache.xmlbeans.metadata.system.sXMLSCHEMA
15:02:05.069 [main] TRACE - Reading unresolved handles for type system org.apache.xmlbeans.metadata.system.sXMLLANG
15:02:05.069 [main] TRACE - Finished loading type system org.apache.xmlbeans.metadata.system.sXMLLANG
15:02:05.070 [main] TRACE - Reading unresolved handles for type system org.apache.xmlbeans.metadata.system.sXMLCONFIG
15:02:05.071 [main] TRACE - Finished loading type system org.apache.xmlbeans.metadata.system.sXMLCONFIG
15:02:05.071 [main] TRACE - Reading unresolved handles for type system org.apache.poi.schemas.ooxml.system.ooxml
15:02:05.109 [main] TRACE - Finished loading type system org.apache.poi.schemas.ooxml.system.ooxml
15:02:05.109 [main] TRACE - Resolving type for handle themefd26doctype
15:02:05.152 [main] TRACE - Resolving type for handle stylesheet5d8bdoctype
15:02:05.156 [main] TRACE - Resolving type for handle ctstylesheet4257type
15:02:05.160 [main] TRACE - Resolving type for handle ctfonts6623type
15:02:05.162 [main] TRACE - Resolving type for handle ctfont14d8type
15:02:05.165 [main] TRACE - Resolving type for handle ctfills2c6ftype
15:02:05.166 [main] TRACE - Resolving type for handle ctfill550ctype
15:02:05.168 [main] TRACE - Resolving type for handle ctborders0d66type
15:02:05.169 [main] TRACE - Resolving type for handle ctborderf935type
15:02:05.171 [main] TRACE - Resolving type for handle ctcellxfs1322type
15:02:05.173 [main] TRACE - Resolving type for handle ctxf97f7type
15:02:05.175 [main] TRACE - Resolving type for handle ctcellstylexfsa81ftype
15:02:05.176 [main] TRACE - Resolving type for handle ctdxfsb26atype
15:02:05.178 [main] TRACE - Resolving type for handle cttablestyles872ftype
15:02:05.180 [main] TRACE - Resolving type for handle sstf81fdoctype
15:02:05.184 [main] TRACE - Resolving type for handle ctsst44f3type
15:02:05.189 [main] TRACE - Resolving type for handle ctrsta472type
15:02:05.207 [main] DEBUG - using default POIXMLDocumentPart for http://schemas.openxmlformats.org/officeDocument/2006/relationships/printerSettings
15:02:05.207 [main] DEBUG - using default POIXMLDocumentPart for http://schemas.openxmlformats.org/officeDocument/2006/relationships/printerSettings
15:02:05.208 [main] TRACE - Resolving type for handle workbookec17doctype
15:02:05.211 [main] TRACE - Resolving type for handle ctworkbook83c3type
15:02:05.213 [main] TRACE - Resolving type for handle ctsheets49fdtype
15:02:05.214 [main] TRACE - Resolving type for handle ctsheet4dbetype
15:02:05.215 [main] TRACE - Resolving type for handle strelationshipid1e94type
15:02:05.216 [main] TRACE - Resolving type for handle worksheetf539doctype
15:02:05.220 [main] TRACE - Resolving type for handle ctworksheet530dtype
15:02:05.225 [main] TRACE - Resolving type for handle ctcols627ctype
15:02:05.228 [main] TRACE - Resolving type for handle ctcola95ftype
15:02:05.242 [main] TRACE - Resolving type for handle ctsheetdata8408type
15:02:05.245 [main] TRACE - Resolving type for handle ctrowdd39type
15:02:05.252 [main] TRACE - Resolving type for handle ctcell842btype
15:02:05.257 [main] TRACE - Resolving type for handle stcellrefe4e0type
15:02:05.259 [main] TRACE - Resolving type for handle cthyperlinks6416type
15:02:05.261 [main] TRACE - Resolving type for handle cthyperlink0c85type
15:02:05.274 [main] TRACE - Resolving type for handle stxstringf179type
15:02:05.275 [main] TRACE - Resolving type for handle stcelltypebf95type
15:02:05.436 [main] DEBUG - Parsing relationship: /xl/_rels/workbook.xml.rels
15:02:05.438 [main] DEBUG - Parsing relationship: /xl/worksheets/_rels/sheet1.xml.rels
15:02:05.438 [main] DEBUG - Parsing relationship: /xl/worksheets/_rels/sheet2.xml.rels
15:02:05.440 [main] DEBUG - Parsing relationship: /xl/worksheets/_rels/sheet3.xml.rels
15:02:05.441 [main] DEBUG - Parsing relationship: /_rels/.rels
15:02:05.454 [main] DEBUG - using default POIXMLDocumentPart for http://schemas.openxmlformats.org/officeDocument/2006/relationships/printerSettings
15:02:05.454 [main] DEBUG - using default POIXMLDocumentPart for http://schemas.openxmlformats.org/officeDocument/2006/relationships/printerSettings
15:02:06.591 [main] INFO  - Entering PassWord
15:02:06.599 [main] DEBUG - Parsing relationship: /xl/_rels/workbook.xml.rels
15:02:06.600 [main] DEBUG - Parsing relationship: /xl/worksheets/_rels/sheet1.xml.rels
15:02:06.600 [main] DEBUG - Parsing relationship: /xl/worksheets/_rels/sheet2.xml.rels
15:02:06.601 [main] DEBUG - Parsing relationship: /xl/worksheets/_rels/sheet3.xml.rels
15:02:06.601 [main] DEBUG - Parsing relationship: /_rels/.rels
15:02:06.609 [main] DEBUG - using default POIXMLDocumentPart for http://schemas.openxmlformats.org/officeDocument/2006/relationships/printerSettings
15:02:06.610 [main] DEBUG - using default POIXMLDocumentPart for http://schemas.openxmlformats.org/officeDocument/2006/relationships/printerSettings
15:02:06.624 [main] TRACE - Resolving type for handle stcellstylexfid70c7type
15:02:06.627 [main] TRACE - Resolving type for handle stnumfmtid76fbtype
15:02:06.629 [main] TRACE - Resolving type for handle ctworkbookpr03a5type
15:02:06.692 [main] INFO  - Password Entered
15:02:06.824 [main] DEBUG - Parsing relationship: /xl/_rels/workbook.xml.rels
15:02:06.825 [main] DEBUG - Parsing relationship: /xl/worksheets/_rels/sheet1.xml.rels
15:02:06.826 [main] DEBUG - Parsing relationship: /xl/worksheets/_rels/sheet2.xml.rels
15:02:06.826 [main] DEBUG - Parsing relationship: /xl/worksheets/_rels/sheet3.xml.rels
15:02:06.826 [main] DEBUG - Parsing relationship: /_rels/.rels
15:02:06.834 [main] DEBUG - using default POIXMLDocumentPart for http://schemas.openxmlformats.org/officeDocument/2006/relationships/printerSettings
15:02:06.834 [main] DEBUG - using default POIXMLDocumentPart for http://schemas.openxmlformats.org/officeDocument/2006/relationships/printerSettings
15:02:07.198 [main] DEBUG - Parsing relationship: /xl/_rels/workbook.xml.rels
15:02:07.198 [main] DEBUG - Parsing relationship: /xl/worksheets/_rels/sheet1.xml.rels
15:02:07.199 [main] DEBUG - Parsing relationship: /xl/worksheets/_rels/sheet2.xml.rels
15:02:07.199 [main] DEBUG - Parsing relationship: /xl/worksheets/_rels/sheet3.xml.rels
15:02:07.199 [main] DEBUG - Parsing relationship: /_rels/.rels
15:02:07.208 [main] DEBUG - using default POIXMLDocumentPart for http://schemas.openxmlformats.org/officeDocument/2006/relationships/printerSettings
15:02:07.210 [main] DEBUG - using default POIXMLDocumentPart for http://schemas.openxmlformats.org/officeDocument/2006/relationships/printerSettings
15:02:07.391 [main] DEBUG - Parsing relationship: /xl/_rels/workbook.xml.rels
15:02:07.393 [main] DEBUG - Parsing relationship: /xl/worksheets/_rels/sheet1.xml.rels
15:02:07.393 [main] DEBUG - Parsing relationship: /xl/worksheets/_rels/sheet2.xml.rels
15:02:07.394 [main] DEBUG - Parsing relationship: /xl/worksheets/_rels/sheet3.xml.rels
15:02:07.394 [main] DEBUG - Parsing relationship: /_rels/.rels
15:02:07.401 [main] DEBUG - using default POIXMLDocumentPart for http://schemas.openxmlformats.org/officeDocument/2006/relationships/printerSettings
15:02:07.402 [main] DEBUG - using default POIXMLDocumentPart for http://schemas.openxmlformats.org/officeDocument/2006/relationships/printerSettings
15:02:07.612 [main] DEBUG - Parsing relationship: /xl/_rels/workbook.xml.rels
15:02:07.612 [main] DEBUG - Parsing relationship: /xl/worksheets/_rels/sheet1.xml.rels
15:02:07.613 [main] DEBUG - Parsing relationship: /xl/worksheets/_rels/sheet2.xml.rels
15:02:07.613 [main] DEBUG - Parsing relationship: /xl/worksheets/_rels/sheet3.xml.rels
15:02:07.614 [main] DEBUG - Parsing relationship: /_rels/.rels
15:02:07.621 [main] DEBUG - using default POIXMLDocumentPart for http://schemas.openxmlformats.org/officeDocument/2006/relationships/printerSettings
15:02:07.621 [main] DEBUG - using default POIXMLDocumentPart for http://schemas.openxmlformats.org/officeDocument/2006/relationships/printerSettings
15:02:07.825 [main] DEBUG - Parsing relationship: /xl/_rels/workbook.xml.rels
15:02:07.825 [main] DEBUG - Parsing relationship: /xl/worksheets/_rels/sheet1.xml.rels
15:02:07.826 [main] DEBUG - Parsing relationship: /xl/worksheets/_rels/sheet2.xml.rels
15:02:07.826 [main] DEBUG - Parsing relationship: /xl/worksheets/_rels/sheet3.xml.rels
15:02:07.827 [main] DEBUG - Parsing relationship: /_rels/.rels
15:02:07.834 [main] DEBUG - using default POIXMLDocumentPart for http://schemas.openxmlformats.org/officeDocument/2006/relationships/printerSettings
15:02:07.834 [main] DEBUG - using default POIXMLDocumentPart for http://schemas.openxmlformats.org/officeDocument/2006/relationships/printerSettings
15:02:08.015 [main] DEBUG - Parsing relationship: /xl/_rels/workbook.xml.rels
15:02:08.017 [main] DEBUG - Parsing relationship: /xl/worksheets/_rels/sheet1.xml.rels
15:02:08.017 [main] DEBUG - Parsing relationship: /xl/worksheets/_rels/sheet2.xml.rels
15:02:08.018 [main] DEBUG - Parsing relationship: /xl/worksheets/_rels/sheet3.xml.rels
15:02:08.018 [main] DEBUG - Parsing relationship: /_rels/.rels
15:02:08.028 [main] DEBUG - using default POIXMLDocumentPart for http://schemas.openxmlformats.org/officeDocument/2006/relationships/printerSettings
15:02:08.028 [main] DEBUG - using default POIXMLDocumentPart for http://schemas.openxmlformats.org/officeDocument/2006/relationships/printerSettings
15:02:08.230 [main] DEBUG - Parsing relationship: /xl/_rels/workbook.xml.rels
15:02:08.231 [main] DEBUG - Parsing relationship: /xl/worksheets/_rels/sheet1.xml.rels
15:02:08.231 [main] DEBUG - Parsing relationship: /xl/worksheets/_rels/sheet2.xml.rels
15:02:08.232 [main] DEBUG - Parsing relationship: /xl/worksheets/_rels/sheet3.xml.rels
15:02:08.232 [main] DEBUG - Parsing relationship: /_rels/.rels
15:02:08.242 [main] DEBUG - using default POIXMLDocumentPart for http://schemas.openxmlformats.org/officeDocument/2006/relationships/printerSettings
15:02:08.243 [main] DEBUG - using default POIXMLDocumentPart for http://schemas.openxmlformats.org/officeDocument/2006/relationships/printerSettings
15:02:08.454 [main] DEBUG - Parsing relationship: /xl/_rels/workbook.xml.rels
15:02:08.454 [main] DEBUG - Parsing relationship: /xl/worksheets/_rels/sheet1.xml.rels
15:02:08.455 [main] DEBUG - Parsing relationship: /xl/worksheets/_rels/sheet2.xml.rels
15:02:08.455 [main] DEBUG - Parsing relationship: /xl/worksheets/_rels/sheet3.xml.rels
15:02:08.457 [main] DEBUG - Parsing relationship: /_rels/.rels
15:02:08.462 [main] DEBUG - using default POIXMLDocumentPart for http://schemas.openxmlformats.org/officeDocument/2006/relationships/printerSettings
15:02:08.462 [main] DEBUG - using default POIXMLDocumentPart for http://schemas.openxmlformats.org/officeDocument/2006/relationships/printerSettings
15:02:08.659 [main] DEBUG - Parsing relationship: /xl/_rels/workbook.xml.rels
15:02:08.660 [main] DEBUG - Parsing relationship: /xl/worksheets/_rels/sheet1.xml.rels
15:02:08.660 [main] DEBUG - Parsing relationship: /xl/worksheets/_rels/sheet2.xml.rels
15:02:08.661 [main] DEBUG - Parsing relationship: /xl/worksheets/_rels/sheet3.xml.rels
15:02:08.661 [main] DEBUG - Parsing relationship: /_rels/.rels
15:02:08.668 [main] DEBUG - using default POIXMLDocumentPart for http://schemas.openxmlformats.org/officeDocument/2006/relationships/printerSettings
15:02:08.669 [main] DEBUG - using default POIXMLDocumentPart for http://schemas.openxmlformats.org/officeDocument/2006/relationships/printerSettings
15:02:08.838 [main] DEBUG - Parsing relationship: /xl/_rels/workbook.xml.rels
15:02:08.839 [main] DEBUG - Parsing relationship: /xl/worksheets/_rels/sheet1.xml.rels
15:02:08.839 [main] DEBUG - Parsing relationship: /xl/worksheets/_rels/sheet2.xml.rels
15:02:08.840 [main] DEBUG - Parsing relationship: /xl/worksheets/_rels/sheet3.xml.rels
15:02:08.840 [main] DEBUG - Parsing relationship: /_rels/.rels
15:02:08.846 [main] DEBUG - using default POIXMLDocumentPart for http://schemas.openxmlformats.org/officeDocument/2006/relationships/printerSettings
15:02:08.846 [main] DEBUG - using default POIXMLDocumentPart for http://schemas.openxmlformats.org/officeDocument/2006/relationships/printerSettings
15:02:09.021 [main] DEBUG - Parsing relationship: /xl/_rels/workbook.xml.rels
15:02:09.022 [main] DEBUG - Parsing relationship: /xl/worksheets/_rels/sheet1.xml.rels
15:02:09.022 [main] DEBUG - Parsing relationship: /xl/worksheets/_rels/sheet2.xml.rels
15:02:09.022 [main] DEBUG - Parsing relationship: /xl/worksheets/_rels/sheet3.xml.rels
15:02:09.023 [main] DEBUG - Parsing relationship: /_rels/.rels
15:02:09.031 [main] DEBUG - using default POIXMLDocumentPart for http://schemas.openxmlformats.org/officeDocument/2006/relationships/printerSettings
15:02:09.031 [main] DEBUG - using default POIXMLDocumentPart for http://schemas.openxmlformats.org/officeDocument/2006/relationships/printerSettings
15:02:09.199 [main] DEBUG - Parsing relationship: /xl/_rels/workbook.xml.rels
15:02:09.200 [main] DEBUG - Parsing relationship: /xl/worksheets/_rels/sheet1.xml.rels
15:02:09.200 [main] DEBUG - Parsing relationship: /xl/worksheets/_rels/sheet2.xml.rels
15:02:09.201 [main] DEBUG - Parsing relationship: /xl/worksheets/_rels/sheet3.xml.rels
15:02:09.202 [main] DEBUG - Parsing relationship: /_rels/.rels
15:02:09.212 [main] DEBUG - using default POIXMLDocumentPart for http://schemas.openxmlformats.org/officeDocument/2006/relationships/printerSettings
15:02:09.212 [main] DEBUG - using default POIXMLDocumentPart for http://schemas.openxmlformats.org/officeDocument/2006/relationships/printerSettings
