14:35:56.775 [main] DEBUG - Parsing relationship: /xl/_rels/workbook.xml.rels
14:35:56.788 [main] DEBUG - Parsing relationship: /xl/worksheets/_rels/sheet1.xml.rels
14:35:56.790 [main] DEBUG - Parsing relationship: /xl/worksheets/_rels/sheet2.xml.rels
14:35:56.793 [main] DEBUG - Parsing relationship: /xl/worksheets/_rels/sheet3.xml.rels
14:35:56.794 [main] DEBUG - Parsing relationship: /_rels/.rels
14:35:57.046 [main] TRACE - Loading type system org.apache.poi.schemas.ooxml.system.ooxml
14:35:57.049 [main] TRACE - Loading type system org.apache.xmlbeans.metadata.system.sXMLCONFIG
14:35:57.051 [main] TRACE - Loading type system org.apache.xmlbeans.metadata.system.sXMLLANG
14:35:57.052 [main] TRACE - Loading type system org.apache.xmlbeans.metadata.system.sXMLSCHEMA
14:35:57.052 [main] TRACE - Loading type system org.apache.xmlbeans.metadata.system.sXMLTOOLS
14:35:57.053 [main] TRACE - Reading unresolved handles for type system org.apache.xmlbeans.metadata.system.sXMLTOOLS
14:35:57.068 [main] TRACE - Finished loading type system org.apache.xmlbeans.metadata.system.sXMLTOOLS
14:35:57.070 [main] TRACE - Reading unresolved handles for type system org.apache.xmlbeans.metadata.system.sXMLSCHEMA
14:35:57.091 [main] TRACE - Finished loading type system org.apache.xmlbeans.metadata.system.sXMLSCHEMA
14:35:57.092 [main] TRACE - Reading unresolved handles for type system org.apache.xmlbeans.metadata.system.sXMLLANG
14:35:57.093 [main] TRACE - Finished loading type system org.apache.xmlbeans.metadata.system.sXMLLANG
14:35:57.094 [main] TRACE - Reading unresolved handles for type system org.apache.xmlbeans.metadata.system.sXMLCONFIG
14:35:57.096 [main] TRACE - Finished loading type system org.apache.xmlbeans.metadata.system.sXMLCONFIG
14:35:57.097 [main] TRACE - Reading unresolved handles for type system org.apache.poi.schemas.ooxml.system.ooxml
14:35:57.174 [main] TRACE - Finished loading type system org.apache.poi.schemas.ooxml.system.ooxml
14:35:57.175 [main] TRACE - Resolving type for handle themefd26doctype
14:35:57.294 [main] TRACE - Resolving type for handle stylesheet5d8bdoctype
14:35:57.303 [main] TRACE - Resolving type for handle ctstylesheet4257type
14:35:57.308 [main] TRACE - Resolving type for handle ctfonts6623type
14:35:57.311 [main] TRACE - Resolving type for handle ctfont14d8type
14:35:57.320 [main] TRACE - Resolving type for handle ctfills2c6ftype
14:35:57.325 [main] TRACE - Resolving type for handle ctfill550ctype
14:35:57.327 [main] TRACE - Resolving type for handle ctborders0d66type
14:35:57.328 [main] TRACE - Resolving type for handle ctborderf935type
14:35:57.331 [main] TRACE - Resolving type for handle ctcellxfs1322type
14:35:57.334 [main] TRACE - Resolving type for handle ctxf97f7type
14:35:57.336 [main] TRACE - Resolving type for handle ctcellstylexfsa81ftype
14:35:57.339 [main] TRACE - Resolving type for handle ctdxfsb26atype
14:35:57.343 [main] TRACE - Resolving type for handle cttablestyles872ftype
14:35:57.352 [main] TRACE - Resolving type for handle sstf81fdoctype
14:35:57.360 [main] TRACE - Resolving type for handle ctsst44f3type
14:35:57.383 [main] TRACE - Resolving type for handle ctrsta472type
14:35:57.417 [main] DEBUG - using default POIXMLDocumentPart for http://schemas.openxmlformats.org/officeDocument/2006/relationships/printerSettings
14:35:57.419 [main] DEBUG - using default POIXMLDocumentPart for http://schemas.openxmlformats.org/officeDocument/2006/relationships/printerSettings
14:35:57.420 [main] TRACE - Resolving type for handle workbookec17doctype
14:35:57.425 [main] TRACE - Resolving type for handle ctworkbook83c3type
14:35:57.439 [main] TRACE - Resolving type for handle ctsheets49fdtype
14:35:57.442 [main] TRACE - Resolving type for handle ctsheet4dbetype
14:35:57.446 [main] TRACE - Resolving type for handle strelationshipid1e94type
14:35:57.450 [main] TRACE - Resolving type for handle worksheetf539doctype
14:35:57.459 [main] TRACE - Resolving type for handle ctworksheet530dtype
14:35:57.476 [main] TRACE - Resolving type for handle ctcols627ctype
14:35:57.484 [main] TRACE - Resolving type for handle ctcola95ftype
14:35:57.505 [main] TRACE - Resolving type for handle ctsheetdata8408type
14:35:57.510 [main] TRACE - Resolving type for handle ctrowdd39type
14:35:57.516 [main] TRACE - Resolving type for handle ctcell842btype
14:35:57.525 [main] TRACE - Resolving type for handle stcellrefe4e0type
14:35:57.531 [main] TRACE - Resolving type for handle cthyperlinks6416type
14:35:57.537 [main] TRACE - Resolving type for handle cthyperlink0c85type
14:35:57.577 [main] TRACE - Resolving type for handle stxstringf179type
14:35:57.581 [main] TRACE - Resolving type for handle stcelltypebf95type
14:35:57.974 [main] DEBUG - Parsing relationship: /xl/_rels/workbook.xml.rels
14:35:57.978 [main] DEBUG - Parsing relationship: /xl/worksheets/_rels/sheet1.xml.rels
14:35:57.980 [main] DEBUG - Parsing relationship: /xl/worksheets/_rels/sheet2.xml.rels
14:35:57.980 [main] DEBUG - Parsing relationship: /xl/worksheets/_rels/sheet3.xml.rels
14:35:57.982 [main] DEBUG - Parsing relationship: /_rels/.rels
14:35:58.010 [main] DEBUG - using default POIXMLDocumentPart for http://schemas.openxmlformats.org/officeDocument/2006/relationships/printerSettings
14:35:58.010 [main] DEBUG - using default POIXMLDocumentPart for http://schemas.openxmlformats.org/officeDocument/2006/relationships/printerSettings
14:36:00.033 [main] INFO  - Password Entered
14:36:00.049 [main] DEBUG - Parsing relationship: /xl/_rels/workbook.xml.rels
14:36:00.057 [main] DEBUG - Parsing relationship: /xl/worksheets/_rels/sheet1.xml.rels
14:36:00.057 [main] DEBUG - Parsing relationship: /xl/worksheets/_rels/sheet2.xml.rels
14:36:00.057 [main] DEBUG - Parsing relationship: /xl/worksheets/_rels/sheet3.xml.rels
14:36:00.057 [main] DEBUG - Parsing relationship: /_rels/.rels
14:36:00.082 [main] DEBUG - using default POIXMLDocumentPart for http://schemas.openxmlformats.org/officeDocument/2006/relationships/printerSettings
14:36:00.082 [main] DEBUG - using default POIXMLDocumentPart for http://schemas.openxmlformats.org/officeDocument/2006/relationships/printerSettings
14:36:00.125 [main] TRACE - Resolving type for handle stcellstylexfid70c7type
14:36:00.128 [main] TRACE - Resolving type for handle stnumfmtid76fbtype
14:36:00.144 [main] TRACE - Resolving type for handle ctworkbookpr03a5type
14:36:00.648 [main] DEBUG - Parsing relationship: /xl/_rels/workbook.xml.rels
14:36:00.652 [main] DEBUG - Parsing relationship: /xl/worksheets/_rels/sheet1.xml.rels
14:36:00.654 [main] DEBUG - Parsing relationship: /xl/worksheets/_rels/sheet2.xml.rels
14:36:00.654 [main] DEBUG - Parsing relationship: /xl/worksheets/_rels/sheet3.xml.rels
14:36:00.656 [main] DEBUG - Parsing relationship: /_rels/.rels
14:36:00.674 [main] DEBUG - using default POIXMLDocumentPart for http://schemas.openxmlformats.org/officeDocument/2006/relationships/printerSettings
14:36:00.674 [main] DEBUG - using default POIXMLDocumentPart for http://schemas.openxmlformats.org/officeDocument/2006/relationships/printerSettings
14:36:01.561 [main] DEBUG - Parsing relationship: /xl/_rels/workbook.xml.rels
14:36:01.569 [main] DEBUG - Parsing relationship: /xl/worksheets/_rels/sheet1.xml.rels
14:36:01.571 [main] DEBUG - Parsing relationship: /xl/worksheets/_rels/sheet2.xml.rels
14:36:01.571 [main] DEBUG - Parsing relationship: /xl/worksheets/_rels/sheet3.xml.rels
14:36:01.571 [main] DEBUG - Parsing relationship: /_rels/.rels
14:36:01.594 [main] DEBUG - using default POIXMLDocumentPart for http://schemas.openxmlformats.org/officeDocument/2006/relationships/printerSettings
14:36:01.594 [main] DEBUG - using default POIXMLDocumentPart for http://schemas.openxmlformats.org/officeDocument/2006/relationships/printerSettings
14:36:01.960 [main] DEBUG - Parsing relationship: /xl/_rels/workbook.xml.rels
14:36:01.960 [main] DEBUG - Parsing relationship: /xl/worksheets/_rels/sheet1.xml.rels
14:36:01.969 [main] DEBUG - Parsing relationship: /xl/worksheets/_rels/sheet2.xml.rels
14:36:01.969 [main] DEBUG - Parsing relationship: /xl/worksheets/_rels/sheet3.xml.rels
14:36:01.969 [main] DEBUG - Parsing relationship: /_rels/.rels
14:36:01.993 [main] DEBUG - using default POIXMLDocumentPart for http://schemas.openxmlformats.org/officeDocument/2006/relationships/printerSettings
14:36:01.993 [main] DEBUG - using default POIXMLDocumentPart for http://schemas.openxmlformats.org/officeDocument/2006/relationships/printerSettings
14:36:02.390 [main] DEBUG - Parsing relationship: /xl/_rels/workbook.xml.rels
14:36:02.392 [main] DEBUG - Parsing relationship: /xl/worksheets/_rels/sheet1.xml.rels
14:36:02.393 [main] DEBUG - Parsing relationship: /xl/worksheets/_rels/sheet2.xml.rels
14:36:02.393 [main] DEBUG - Parsing relationship: /xl/worksheets/_rels/sheet3.xml.rels
14:36:02.395 [main] DEBUG - Parsing relationship: /_rels/.rels
14:36:02.414 [main] DEBUG - using default POIXMLDocumentPart for http://schemas.openxmlformats.org/officeDocument/2006/relationships/printerSettings
14:36:02.414 [main] DEBUG - using default POIXMLDocumentPart for http://schemas.openxmlformats.org/officeDocument/2006/relationships/printerSettings
14:36:02.790 [main] DEBUG - Parsing relationship: /xl/_rels/workbook.xml.rels
14:36:02.790 [main] DEBUG - Parsing relationship: /xl/worksheets/_rels/sheet1.xml.rels
14:36:02.790 [main] DEBUG - Parsing relationship: /xl/worksheets/_rels/sheet2.xml.rels
14:36:02.790 [main] DEBUG - Parsing relationship: /xl/worksheets/_rels/sheet3.xml.rels
14:36:02.790 [main] DEBUG - Parsing relationship: /_rels/.rels
14:36:02.818 [main] DEBUG - using default POIXMLDocumentPart for http://schemas.openxmlformats.org/officeDocument/2006/relationships/printerSettings
14:36:02.818 [main] DEBUG - using default POIXMLDocumentPart for http://schemas.openxmlformats.org/officeDocument/2006/relationships/printerSettings
14:36:03.192 [main] DEBUG - Parsing relationship: /xl/_rels/workbook.xml.rels
14:36:03.195 [main] DEBUG - Parsing relationship: /xl/worksheets/_rels/sheet1.xml.rels
14:36:03.195 [main] DEBUG - Parsing relationship: /xl/worksheets/_rels/sheet2.xml.rels
14:36:03.197 [main] DEBUG - Parsing relationship: /xl/worksheets/_rels/sheet3.xml.rels
14:36:03.197 [main] DEBUG - Parsing relationship: /_rels/.rels
14:36:03.211 [main] DEBUG - using default POIXMLDocumentPart for http://schemas.openxmlformats.org/officeDocument/2006/relationships/printerSettings
14:36:03.211 [main] DEBUG - using default POIXMLDocumentPart for http://schemas.openxmlformats.org/officeDocument/2006/relationships/printerSettings
14:36:03.592 [main] DEBUG - Parsing relationship: /xl/_rels/workbook.xml.rels
14:36:03.592 [main] DEBUG - Parsing relationship: /xl/worksheets/_rels/sheet1.xml.rels
14:36:03.594 [main] DEBUG - Parsing relationship: /xl/worksheets/_rels/sheet2.xml.rels
14:36:03.595 [main] DEBUG - Parsing relationship: /xl/worksheets/_rels/sheet3.xml.rels
14:36:03.595 [main] DEBUG - Parsing relationship: /_rels/.rels
14:36:03.611 [main] DEBUG - using default POIXMLDocumentPart for http://schemas.openxmlformats.org/officeDocument/2006/relationships/printerSettings
14:36:03.611 [main] DEBUG - using default POIXMLDocumentPart for http://schemas.openxmlformats.org/officeDocument/2006/relationships/printerSettings
14:36:03.994 [main] DEBUG - Parsing relationship: /xl/_rels/workbook.xml.rels
14:36:03.996 [main] DEBUG - Parsing relationship: /xl/worksheets/_rels/sheet1.xml.rels
14:36:03.998 [main] DEBUG - Parsing relationship: /xl/worksheets/_rels/sheet2.xml.rels
14:36:03.998 [main] DEBUG - Parsing relationship: /xl/worksheets/_rels/sheet3.xml.rels
14:36:03.999 [main] DEBUG - Parsing relationship: /_rels/.rels
14:36:04.009 [main] DEBUG - using default POIXMLDocumentPart for http://schemas.openxmlformats.org/officeDocument/2006/relationships/printerSettings
14:36:04.009 [main] DEBUG - using default POIXMLDocumentPart for http://schemas.openxmlformats.org/officeDocument/2006/relationships/printerSettings
14:36:04.456 [main] DEBUG - Parsing relationship: /xl/_rels/workbook.xml.rels
14:36:04.457 [main] DEBUG - Parsing relationship: /xl/worksheets/_rels/sheet1.xml.rels
14:36:04.457 [main] DEBUG - Parsing relationship: /xl/worksheets/_rels/sheet2.xml.rels
14:36:04.457 [main] DEBUG - Parsing relationship: /xl/worksheets/_rels/sheet3.xml.rels
14:36:04.457 [main] DEBUG - Parsing relationship: /_rels/.rels
14:36:04.472 [main] DEBUG - using default POIXMLDocumentPart for http://schemas.openxmlformats.org/officeDocument/2006/relationships/printerSettings
14:36:04.474 [main] DEBUG - using default POIXMLDocumentPart for http://schemas.openxmlformats.org/officeDocument/2006/relationships/printerSettings
14:36:04.854 [main] DEBUG - Parsing relationship: /xl/_rels/workbook.xml.rels
14:36:04.860 [main] DEBUG - Parsing relationship: /xl/worksheets/_rels/sheet1.xml.rels
14:36:04.862 [main] DEBUG - Parsing relationship: /xl/worksheets/_rels/sheet2.xml.rels
14:36:04.862 [main] DEBUG - Parsing relationship: /xl/worksheets/_rels/sheet3.xml.rels
14:36:04.864 [main] DEBUG - Parsing relationship: /_rels/.rels
14:36:04.887 [main] DEBUG - using default POIXMLDocumentPart for http://schemas.openxmlformats.org/officeDocument/2006/relationships/printerSettings
14:36:04.887 [main] DEBUG - using default POIXMLDocumentPart for http://schemas.openxmlformats.org/officeDocument/2006/relationships/printerSettings
14:36:05.260 [main] DEBUG - Parsing relationship: /xl/_rels/workbook.xml.rels
14:36:05.262 [main] DEBUG - Parsing relationship: /xl/worksheets/_rels/sheet1.xml.rels
14:36:05.262 [main] DEBUG - Parsing relationship: /xl/worksheets/_rels/sheet2.xml.rels
14:36:05.264 [main] DEBUG - Parsing relationship: /xl/worksheets/_rels/sheet3.xml.rels
14:36:05.266 [main] DEBUG - Parsing relationship: /_rels/.rels
14:36:05.279 [main] DEBUG - using default POIXMLDocumentPart for http://schemas.openxmlformats.org/officeDocument/2006/relationships/printerSettings
14:36:05.279 [main] DEBUG - using default POIXMLDocumentPart for http://schemas.openxmlformats.org/officeDocument/2006/relationships/printerSettings
14:36:05.658 [main] DEBUG - Parsing relationship: /xl/_rels/workbook.xml.rels
14:36:05.658 [main] DEBUG - Parsing relationship: /xl/worksheets/_rels/sheet1.xml.rels
14:36:05.662 [main] DEBUG - Parsing relationship: /xl/worksheets/_rels/sheet2.xml.rels
14:36:05.662 [main] DEBUG - Parsing relationship: /xl/worksheets/_rels/sheet3.xml.rels
14:36:05.664 [main] DEBUG - Parsing relationship: /_rels/.rels
14:36:05.674 [main] DEBUG - using default POIXMLDocumentPart for http://schemas.openxmlformats.org/officeDocument/2006/relationships/printerSettings
14:36:05.674 [main] DEBUG - using default POIXMLDocumentPart for http://schemas.openxmlformats.org/officeDocument/2006/relationships/printerSettings
14:49:40.884 [main] DEBUG - Parsing relationship: /xl/_rels/workbook.xml.rels
14:49:40.892 [main] DEBUG - Parsing relationship: /xl/worksheets/_rels/sheet1.xml.rels
14:49:40.895 [main] DEBUG - Parsing relationship: /xl/worksheets/_rels/sheet2.xml.rels
14:49:40.897 [main] DEBUG - Parsing relationship: /xl/worksheets/_rels/sheet3.xml.rels
14:49:40.899 [main] DEBUG - Parsing relationship: /_rels/.rels
14:49:41.094 [main] TRACE - Loading type system org.apache.poi.schemas.ooxml.system.ooxml
14:49:41.100 [main] TRACE - Loading type system org.apache.xmlbeans.metadata.system.sXMLCONFIG
14:49:41.101 [main] TRACE - Loading type system org.apache.xmlbeans.metadata.system.sXMLLANG
14:49:41.102 [main] TRACE - Loading type system org.apache.xmlbeans.metadata.system.sXMLSCHEMA
14:49:41.103 [main] TRACE - Loading type system org.apache.xmlbeans.metadata.system.sXMLTOOLS
14:49:41.118 [main] TRACE - Reading unresolved handles for type system org.apache.xmlbeans.metadata.system.sXMLTOOLS
14:49:41.150 [main] TRACE - Finished loading type system org.apache.xmlbeans.metadata.system.sXMLTOOLS
14:49:41.154 [main] TRACE - Reading unresolved handles for type system org.apache.xmlbeans.metadata.system.sXMLSCHEMA
14:49:41.170 [main] TRACE - Finished loading type system org.apache.xmlbeans.metadata.system.sXMLSCHEMA
14:49:41.173 [main] TRACE - Reading unresolved handles for type system org.apache.xmlbeans.metadata.system.sXMLLANG
14:49:41.177 [main] TRACE - Finished loading type system org.apache.xmlbeans.metadata.system.sXMLLANG
14:49:41.180 [main] TRACE - Reading unresolved handles for type system org.apache.xmlbeans.metadata.system.sXMLCONFIG
14:49:41.182 [main] TRACE - Finished loading type system org.apache.xmlbeans.metadata.system.sXMLCONFIG
14:49:41.185 [main] TRACE - Reading unresolved handles for type system org.apache.poi.schemas.ooxml.system.ooxml
14:49:41.341 [main] TRACE - Finished loading type system org.apache.poi.schemas.ooxml.system.ooxml
14:49:41.344 [main] TRACE - Resolving type for handle themefd26doctype
14:49:41.532 [main] TRACE - Resolving type for handle stylesheet5d8bdoctype
14:49:41.551 [main] TRACE - Resolving type for handle ctstylesheet4257type
14:49:41.565 [main] TRACE - Resolving type for handle ctfonts6623type
14:49:41.573 [main] TRACE - Resolving type for handle ctfont14d8type
14:49:41.592 [main] TRACE - Resolving type for handle ctfills2c6ftype
14:49:41.600 [main] TRACE - Resolving type for handle ctfill550ctype
14:49:41.605 [main] TRACE - Resolving type for handle ctborders0d66type
14:49:41.613 [main] TRACE - Resolving type for handle ctborderf935type
14:49:41.622 [main] TRACE - Resolving type for handle ctcellxfs1322type
14:49:41.629 [main] TRACE - Resolving type for handle ctxf97f7type
14:49:41.638 [main] TRACE - Resolving type for handle ctcellstylexfsa81ftype
14:49:41.643 [main] TRACE - Resolving type for handle ctdxfsb26atype
14:49:41.648 [main] TRACE - Resolving type for handle cttablestyles872ftype
14:49:41.658 [main] TRACE - Resolving type for handle sstf81fdoctype
14:49:41.670 [main] TRACE - Resolving type for handle ctsst44f3type
14:49:41.700 [main] TRACE - Resolving type for handle ctrsta472type
14:49:41.727 [main] DEBUG - using default POIXMLDocumentPart for http://schemas.openxmlformats.org/officeDocument/2006/relationships/printerSettings
14:49:41.728 [main] DEBUG - using default POIXMLDocumentPart for http://schemas.openxmlformats.org/officeDocument/2006/relationships/printerSettings
14:49:41.730 [main] TRACE - Resolving type for handle workbookec17doctype
14:49:41.734 [main] TRACE - Resolving type for handle ctworkbook83c3type
14:49:41.745 [main] TRACE - Resolving type for handle ctsheets49fdtype
14:49:41.748 [main] TRACE - Resolving type for handle ctsheet4dbetype
14:49:41.752 [main] TRACE - Resolving type for handle strelationshipid1e94type
14:49:41.755 [main] TRACE - Resolving type for handle worksheetf539doctype
14:49:41.761 [main] TRACE - Resolving type for handle ctworksheet530dtype
14:49:41.774 [main] TRACE - Resolving type for handle ctcols627ctype
14:49:41.784 [main] TRACE - Resolving type for handle ctcola95ftype
14:49:41.814 [main] TRACE - Resolving type for handle ctsheetdata8408type
14:49:41.820 [main] TRACE - Resolving type for handle ctrowdd39type
14:49:41.829 [main] TRACE - Resolving type for handle ctcell842btype
14:49:41.849 [main] TRACE - Resolving type for handle stcellrefe4e0type
14:49:41.860 [main] TRACE - Resolving type for handle cthyperlinks6416type
14:49:41.864 [main] TRACE - Resolving type for handle cthyperlink0c85type
14:49:41.903 [main] TRACE - Resolving type for handle stxstringf179type
14:49:41.919 [main] TRACE - Resolving type for handle stcelltypebf95type
14:49:42.438 [main] DEBUG - Parsing relationship: /xl/_rels/workbook.xml.rels
14:49:42.439 [main] DEBUG - Parsing relationship: /xl/worksheets/_rels/sheet1.xml.rels
14:49:42.439 [main] DEBUG - Parsing relationship: /xl/worksheets/_rels/sheet2.xml.rels
14:49:42.439 [main] DEBUG - Parsing relationship: /xl/worksheets/_rels/sheet3.xml.rels
14:49:42.439 [main] DEBUG - Parsing relationship: /_rels/.rels
14:49:42.470 [main] DEBUG - using default POIXMLDocumentPart for http://schemas.openxmlformats.org/officeDocument/2006/relationships/printerSettings
14:49:42.472 [main] DEBUG - using default POIXMLDocumentPart for http://schemas.openxmlformats.org/officeDocument/2006/relationships/printerSettings
14:49:44.912 [main] INFO  - Entering PassWord
14:49:44.932 [main] DEBUG - Parsing relationship: /xl/_rels/workbook.xml.rels
14:49:44.937 [main] DEBUG - Parsing relationship: /xl/worksheets/_rels/sheet1.xml.rels
14:49:44.937 [main] DEBUG - Parsing relationship: /xl/worksheets/_rels/sheet2.xml.rels
14:49:44.937 [main] DEBUG - Parsing relationship: /xl/worksheets/_rels/sheet3.xml.rels
14:49:44.937 [main] DEBUG - Parsing relationship: /_rels/.rels
14:49:44.968 [main] DEBUG - using default POIXMLDocumentPart for http://schemas.openxmlformats.org/officeDocument/2006/relationships/printerSettings
14:49:44.968 [main] DEBUG - using default POIXMLDocumentPart for http://schemas.openxmlformats.org/officeDocument/2006/relationships/printerSettings
14:49:45.012 [main] TRACE - Resolving type for handle stcellstylexfid70c7type
14:49:45.012 [main] TRACE - Resolving type for handle stnumfmtid76fbtype
14:49:45.025 [main] TRACE - Resolving type for handle ctworkbookpr03a5type
14:49:45.286 [main] INFO  - Password Entered
14:49:45.882 [main] DEBUG - Parsing relationship: /xl/_rels/workbook.xml.rels
14:49:45.891 [main] DEBUG - Parsing relationship: /xl/worksheets/_rels/sheet1.xml.rels
14:49:45.892 [main] DEBUG - Parsing relationship: /xl/worksheets/_rels/sheet2.xml.rels
14:49:45.894 [main] DEBUG - Parsing relationship: /xl/worksheets/_rels/sheet3.xml.rels
14:49:45.894 [main] DEBUG - Parsing relationship: /_rels/.rels
14:49:45.921 [main] DEBUG - using default POIXMLDocumentPart for http://schemas.openxmlformats.org/officeDocument/2006/relationships/printerSettings
14:49:45.921 [main] DEBUG - using default POIXMLDocumentPart for http://schemas.openxmlformats.org/officeDocument/2006/relationships/printerSettings
14:49:47.402 [main] DEBUG - Parsing relationship: /xl/_rels/workbook.xml.rels
14:49:47.402 [main] DEBUG - Parsing relationship: /xl/worksheets/_rels/sheet1.xml.rels
14:49:47.407 [main] DEBUG - Parsing relationship: /xl/worksheets/_rels/sheet2.xml.rels
14:49:47.409 [main] DEBUG - Parsing relationship: /xl/worksheets/_rels/sheet3.xml.rels
14:49:47.410 [main] DEBUG - Parsing relationship: /_rels/.rels
14:49:47.430 [main] DEBUG - using default POIXMLDocumentPart for http://schemas.openxmlformats.org/officeDocument/2006/relationships/printerSettings
14:49:47.430 [main] DEBUG - using default POIXMLDocumentPart for http://schemas.openxmlformats.org/officeDocument/2006/relationships/printerSettings
14:49:47.766 [main] DEBUG - Parsing relationship: /xl/_rels/workbook.xml.rels
14:49:47.772 [main] DEBUG - Parsing relationship: /xl/worksheets/_rels/sheet1.xml.rels
14:49:47.774 [main] DEBUG - Parsing relationship: /xl/worksheets/_rels/sheet2.xml.rels
14:49:47.775 [main] DEBUG - Parsing relationship: /xl/worksheets/_rels/sheet3.xml.rels
14:49:47.775 [main] DEBUG - Parsing relationship: /_rels/.rels
14:49:47.790 [main] DEBUG - using default POIXMLDocumentPart for http://schemas.openxmlformats.org/officeDocument/2006/relationships/printerSettings
14:49:47.791 [main] DEBUG - using default POIXMLDocumentPart for http://schemas.openxmlformats.org/officeDocument/2006/relationships/printerSettings
14:49:48.135 [main] DEBUG - Parsing relationship: /xl/_rels/workbook.xml.rels
14:49:48.137 [main] DEBUG - Parsing relationship: /xl/worksheets/_rels/sheet1.xml.rels
14:49:48.139 [main] DEBUG - Parsing relationship: /xl/worksheets/_rels/sheet2.xml.rels
14:49:48.140 [main] DEBUG - Parsing relationship: /xl/worksheets/_rels/sheet3.xml.rels
14:49:48.140 [main] DEBUG - Parsing relationship: /_rels/.rels
14:49:48.157 [main] DEBUG - using default POIXMLDocumentPart for http://schemas.openxmlformats.org/officeDocument/2006/relationships/printerSettings
14:49:48.159 [main] DEBUG - using default POIXMLDocumentPart for http://schemas.openxmlformats.org/officeDocument/2006/relationships/printerSettings
14:49:48.502 [main] DEBUG - Parsing relationship: /xl/_rels/workbook.xml.rels
14:49:48.502 [main] DEBUG - Parsing relationship: /xl/worksheets/_rels/sheet1.xml.rels
14:49:48.502 [main] DEBUG - Parsing relationship: /xl/worksheets/_rels/sheet2.xml.rels
14:49:48.508 [main] DEBUG - Parsing relationship: /xl/worksheets/_rels/sheet3.xml.rels
14:49:48.510 [main] DEBUG - Parsing relationship: /_rels/.rels
14:49:48.526 [main] DEBUG - using default POIXMLDocumentPart for http://schemas.openxmlformats.org/officeDocument/2006/relationships/printerSettings
14:49:48.526 [main] DEBUG - using default POIXMLDocumentPart for http://schemas.openxmlformats.org/officeDocument/2006/relationships/printerSettings
14:49:48.979 [main] DEBUG - Parsing relationship: /xl/_rels/workbook.xml.rels
14:49:48.984 [main] DEBUG - Parsing relationship: /xl/worksheets/_rels/sheet1.xml.rels
14:49:48.984 [main] DEBUG - Parsing relationship: /xl/worksheets/_rels/sheet2.xml.rels
14:49:48.986 [main] DEBUG - Parsing relationship: /xl/worksheets/_rels/sheet3.xml.rels
14:49:48.986 [main] DEBUG - Parsing relationship: /_rels/.rels
14:49:49.002 [main] DEBUG - using default POIXMLDocumentPart for http://schemas.openxmlformats.org/officeDocument/2006/relationships/printerSettings
14:49:49.004 [main] DEBUG - using default POIXMLDocumentPart for http://schemas.openxmlformats.org/officeDocument/2006/relationships/printerSettings
14:49:49.369 [main] DEBUG - Parsing relationship: /xl/_rels/workbook.xml.rels
14:49:49.369 [main] DEBUG - Parsing relationship: /xl/worksheets/_rels/sheet1.xml.rels
14:49:49.369 [main] DEBUG - Parsing relationship: /xl/worksheets/_rels/sheet2.xml.rels
14:49:49.373 [main] DEBUG - Parsing relationship: /xl/worksheets/_rels/sheet3.xml.rels
14:49:49.373 [main] DEBUG - Parsing relationship: /_rels/.rels
14:49:49.388 [main] DEBUG - using default POIXMLDocumentPart for http://schemas.openxmlformats.org/officeDocument/2006/relationships/printerSettings
14:49:49.388 [main] DEBUG - using default POIXMLDocumentPart for http://schemas.openxmlformats.org/officeDocument/2006/relationships/printerSettings
14:49:49.773 [main] DEBUG - Parsing relationship: /xl/_rels/workbook.xml.rels
14:49:49.773 [main] DEBUG - Parsing relationship: /xl/worksheets/_rels/sheet1.xml.rels
14:49:49.778 [main] DEBUG - Parsing relationship: /xl/worksheets/_rels/sheet2.xml.rels
14:49:49.778 [main] DEBUG - Parsing relationship: /xl/worksheets/_rels/sheet3.xml.rels
14:49:49.778 [main] DEBUG - Parsing relationship: /_rels/.rels
14:49:49.798 [main] DEBUG - using default POIXMLDocumentPart for http://schemas.openxmlformats.org/officeDocument/2006/relationships/printerSettings
14:49:49.798 [main] DEBUG - using default POIXMLDocumentPart for http://schemas.openxmlformats.org/officeDocument/2006/relationships/printerSettings
14:49:50.282 [main] DEBUG - Parsing relationship: /xl/_rels/workbook.xml.rels
14:49:50.284 [main] DEBUG - Parsing relationship: /xl/worksheets/_rels/sheet1.xml.rels
14:49:50.284 [main] DEBUG - Parsing relationship: /xl/worksheets/_rels/sheet2.xml.rels
14:49:50.286 [main] DEBUG - Parsing relationship: /xl/worksheets/_rels/sheet3.xml.rels
14:49:50.286 [main] DEBUG - Parsing relationship: /_rels/.rels
14:49:50.301 [main] DEBUG - using default POIXMLDocumentPart for http://schemas.openxmlformats.org/officeDocument/2006/relationships/printerSettings
14:49:50.301 [main] DEBUG - using default POIXMLDocumentPart for http://schemas.openxmlformats.org/officeDocument/2006/relationships/printerSettings
14:49:50.854 [main] DEBUG - Parsing relationship: /xl/_rels/workbook.xml.rels
14:49:50.856 [main] DEBUG - Parsing relationship: /xl/worksheets/_rels/sheet1.xml.rels
14:49:50.856 [main] DEBUG - Parsing relationship: /xl/worksheets/_rels/sheet2.xml.rels
14:49:50.859 [main] DEBUG - Parsing relationship: /xl/worksheets/_rels/sheet3.xml.rels
14:49:50.859 [main] DEBUG - Parsing relationship: /_rels/.rels
14:49:50.875 [main] DEBUG - using default POIXMLDocumentPart for http://schemas.openxmlformats.org/officeDocument/2006/relationships/printerSettings
14:49:50.875 [main] DEBUG - using default POIXMLDocumentPart for http://schemas.openxmlformats.org/officeDocument/2006/relationships/printerSettings
14:49:51.328 [main] DEBUG - Parsing relationship: /xl/_rels/workbook.xml.rels
14:49:51.328 [main] DEBUG - Parsing relationship: /xl/worksheets/_rels/sheet1.xml.rels
14:49:51.328 [main] DEBUG - Parsing relationship: /xl/worksheets/_rels/sheet2.xml.rels
14:49:51.328 [main] DEBUG - Parsing relationship: /xl/worksheets/_rels/sheet3.xml.rels
14:49:51.336 [main] DEBUG - Parsing relationship: /_rels/.rels
14:49:51.350 [main] DEBUG - using default POIXMLDocumentPart for http://schemas.openxmlformats.org/officeDocument/2006/relationships/printerSettings
14:49:51.350 [main] DEBUG - using default POIXMLDocumentPart for http://schemas.openxmlformats.org/officeDocument/2006/relationships/printerSettings
14:49:51.751 [main] DEBUG - Parsing relationship: /xl/_rels/workbook.xml.rels
14:49:51.751 [main] DEBUG - Parsing relationship: /xl/worksheets/_rels/sheet1.xml.rels
14:49:51.756 [main] DEBUG - Parsing relationship: /xl/worksheets/_rels/sheet2.xml.rels
14:49:51.757 [main] DEBUG - Parsing relationship: /xl/worksheets/_rels/sheet3.xml.rels
14:49:51.757 [main] DEBUG - Parsing relationship: /_rels/.rels
14:49:51.774 [main] DEBUG - using default POIXMLDocumentPart for http://schemas.openxmlformats.org/officeDocument/2006/relationships/printerSettings
14:49:51.774 [main] DEBUG - using default POIXMLDocumentPart for http://schemas.openxmlformats.org/officeDocument/2006/relationships/printerSettings
14:51:40.566 [main] DEBUG - Parsing relationship: /xl/_rels/workbook.xml.rels
14:51:40.574 [main] DEBUG - Parsing relationship: /xl/worksheets/_rels/sheet1.xml.rels
14:51:40.575 [main] DEBUG - Parsing relationship: /xl/worksheets/_rels/sheet2.xml.rels
14:51:40.576 [main] DEBUG - Parsing relationship: /xl/worksheets/_rels/sheet3.xml.rels
14:51:40.578 [main] DEBUG - Parsing relationship: /_rels/.rels
14:51:40.902 [main] TRACE - Loading type system org.apache.poi.schemas.ooxml.system.ooxml
14:51:40.908 [main] TRACE - Loading type system org.apache.xmlbeans.metadata.system.sXMLCONFIG
14:51:40.910 [main] TRACE - Loading type system org.apache.xmlbeans.metadata.system.sXMLLANG
14:51:40.911 [main] TRACE - Loading type system org.apache.xmlbeans.metadata.system.sXMLSCHEMA
14:51:40.912 [main] TRACE - Loading type system org.apache.xmlbeans.metadata.system.sXMLTOOLS
14:51:40.914 [main] TRACE - Reading unresolved handles for type system org.apache.xmlbeans.metadata.system.sXMLTOOLS
14:51:40.939 [main] TRACE - Finished loading type system org.apache.xmlbeans.metadata.system.sXMLTOOLS
14:51:40.940 [main] TRACE - Reading unresolved handles for type system org.apache.xmlbeans.metadata.system.sXMLSCHEMA
14:51:40.950 [main] TRACE - Finished loading type system org.apache.xmlbeans.metadata.system.sXMLSCHEMA
14:51:40.953 [main] TRACE - Reading unresolved handles for type system org.apache.xmlbeans.metadata.system.sXMLLANG
14:51:40.954 [main] TRACE - Finished loading type system org.apache.xmlbeans.metadata.system.sXMLLANG
14:51:40.957 [main] TRACE - Reading unresolved handles for type system org.apache.xmlbeans.metadata.system.sXMLCONFIG
14:51:40.959 [main] TRACE - Finished loading type system org.apache.xmlbeans.metadata.system.sXMLCONFIG
14:51:40.961 [main] TRACE - Reading unresolved handles for type system org.apache.poi.schemas.ooxml.system.ooxml
14:51:41.063 [main] TRACE - Finished loading type system org.apache.poi.schemas.ooxml.system.ooxml
14:51:41.064 [main] TRACE - Resolving type for handle themefd26doctype
14:51:41.141 [main] TRACE - Resolving type for handle stylesheet5d8bdoctype
14:51:41.151 [main] TRACE - Resolving type for handle ctstylesheet4257type
14:51:41.157 [main] TRACE - Resolving type for handle ctfonts6623type
14:51:41.160 [main] TRACE - Resolving type for handle ctfont14d8type
14:51:41.166 [main] TRACE - Resolving type for handle ctfills2c6ftype
14:51:41.169 [main] TRACE - Resolving type for handle ctfill550ctype
14:51:41.172 [main] TRACE - Resolving type for handle ctborders0d66type
14:51:41.175 [main] TRACE - Resolving type for handle ctborderf935type
14:51:41.178 [main] TRACE - Resolving type for handle ctcellxfs1322type
14:51:41.182 [main] TRACE - Resolving type for handle ctxf97f7type
14:51:41.185 [main] TRACE - Resolving type for handle ctcellstylexfsa81ftype
14:51:41.187 [main] TRACE - Resolving type for handle ctdxfsb26atype
14:51:41.190 [main] TRACE - Resolving type for handle cttablestyles872ftype
14:51:41.195 [main] TRACE - Resolving type for handle sstf81fdoctype
14:51:41.199 [main] TRACE - Resolving type for handle ctsst44f3type
14:51:41.208 [main] TRACE - Resolving type for handle ctrsta472type
14:51:41.233 [main] DEBUG - using default POIXMLDocumentPart for http://schemas.openxmlformats.org/officeDocument/2006/relationships/printerSettings
14:51:41.233 [main] DEBUG - using default POIXMLDocumentPart for http://schemas.openxmlformats.org/officeDocument/2006/relationships/printerSettings
14:51:41.234 [main] TRACE - Resolving type for handle workbookec17doctype
14:51:41.241 [main] TRACE - Resolving type for handle ctworkbook83c3type
14:51:41.246 [main] TRACE - Resolving type for handle ctsheets49fdtype
14:51:41.252 [main] TRACE - Resolving type for handle ctsheet4dbetype
14:51:41.255 [main] TRACE - Resolving type for handle strelationshipid1e94type
14:51:41.258 [main] TRACE - Resolving type for handle worksheetf539doctype
14:51:41.264 [main] TRACE - Resolving type for handle ctworksheet530dtype
14:51:41.274 [main] TRACE - Resolving type for handle ctcols627ctype
14:51:41.280 [main] TRACE - Resolving type for handle ctcola95ftype
14:51:41.296 [main] TRACE - Resolving type for handle ctsheetdata8408type
14:51:41.298 [main] TRACE - Resolving type for handle ctrowdd39type
14:51:41.306 [main] TRACE - Resolving type for handle ctcell842btype
14:51:41.314 [main] TRACE - Resolving type for handle stcellrefe4e0type
14:51:41.319 [main] TRACE - Resolving type for handle cthyperlinks6416type
14:51:41.326 [main] TRACE - Resolving type for handle cthyperlink0c85type
14:51:41.366 [main] TRACE - Resolving type for handle stxstringf179type
14:51:41.370 [main] TRACE - Resolving type for handle stcelltypebf95type
14:51:41.895 [main] DEBUG - Parsing relationship: /xl/_rels/workbook.xml.rels
14:51:41.898 [main] DEBUG - Parsing relationship: /xl/worksheets/_rels/sheet1.xml.rels
14:51:41.900 [main] DEBUG - Parsing relationship: /xl/worksheets/_rels/sheet2.xml.rels
14:51:41.900 [main] DEBUG - Parsing relationship: /xl/worksheets/_rels/sheet3.xml.rels
14:51:41.904 [main] DEBUG - Parsing relationship: /_rels/.rels
14:51:41.930 [main] DEBUG - using default POIXMLDocumentPart for http://schemas.openxmlformats.org/officeDocument/2006/relationships/printerSettings
14:51:41.930 [main] DEBUG - using default POIXMLDocumentPart for http://schemas.openxmlformats.org/officeDocument/2006/relationships/printerSettings
14:51:44.809 [main] INFO  - Entering PassWord
14:51:44.834 [main] DEBUG - Parsing relationship: /xl/_rels/workbook.xml.rels
14:51:44.840 [main] DEBUG - Parsing relationship: /xl/worksheets/_rels/sheet1.xml.rels
14:51:44.842 [main] DEBUG - Parsing relationship: /xl/worksheets/_rels/sheet2.xml.rels
14:51:44.844 [main] DEBUG - Parsing relationship: /xl/worksheets/_rels/sheet3.xml.rels
14:51:44.844 [main] DEBUG - Parsing relationship: /_rels/.rels
14:51:44.868 [main] DEBUG - using default POIXMLDocumentPart for http://schemas.openxmlformats.org/officeDocument/2006/relationships/printerSettings
14:51:44.868 [main] DEBUG - using default POIXMLDocumentPart for http://schemas.openxmlformats.org/officeDocument/2006/relationships/printerSettings
14:51:44.915 [main] TRACE - Resolving type for handle stcellstylexfid70c7type
14:51:44.922 [main] TRACE - Resolving type for handle stnumfmtid76fbtype
14:51:44.922 [main] TRACE - Resolving type for handle ctworkbookpr03a5type
14:51:45.173 [main] INFO  - Password Entered
14:51:45.569 [main] DEBUG - Parsing relationship: /xl/_rels/workbook.xml.rels
14:51:45.569 [main] DEBUG - Parsing relationship: /xl/worksheets/_rels/sheet1.xml.rels
14:51:45.575 [main] DEBUG - Parsing relationship: /xl/worksheets/_rels/sheet2.xml.rels
14:51:45.575 [main] DEBUG - Parsing relationship: /xl/worksheets/_rels/sheet3.xml.rels
14:51:45.575 [main] DEBUG - Parsing relationship: /_rels/.rels
14:51:45.602 [main] DEBUG - using default POIXMLDocumentPart for http://schemas.openxmlformats.org/officeDocument/2006/relationships/printerSettings
14:51:45.602 [main] DEBUG - using default POIXMLDocumentPart for http://schemas.openxmlformats.org/officeDocument/2006/relationships/printerSettings
14:51:47.047 [main] DEBUG - Parsing relationship: /xl/_rels/workbook.xml.rels
14:51:47.051 [main] DEBUG - Parsing relationship: /xl/worksheets/_rels/sheet1.xml.rels
14:51:47.053 [main] DEBUG - Parsing relationship: /xl/worksheets/_rels/sheet2.xml.rels
14:51:47.055 [main] DEBUG - Parsing relationship: /xl/worksheets/_rels/sheet3.xml.rels
14:51:47.057 [main] DEBUG - Parsing relationship: /_rels/.rels
14:51:47.076 [main] DEBUG - using default POIXMLDocumentPart for http://schemas.openxmlformats.org/officeDocument/2006/relationships/printerSettings
14:51:47.077 [main] DEBUG - using default POIXMLDocumentPart for http://schemas.openxmlformats.org/officeDocument/2006/relationships/printerSettings
14:51:47.554 [main] DEBUG - Parsing relationship: /xl/_rels/workbook.xml.rels
14:51:47.554 [main] DEBUG - Parsing relationship: /xl/worksheets/_rels/sheet1.xml.rels
14:51:47.557 [main] DEBUG - Parsing relationship: /xl/worksheets/_rels/sheet2.xml.rels
14:51:47.557 [main] DEBUG - Parsing relationship: /xl/worksheets/_rels/sheet3.xml.rels
14:51:47.559 [main] DEBUG - Parsing relationship: /_rels/.rels
14:51:47.575 [main] DEBUG - using default POIXMLDocumentPart for http://schemas.openxmlformats.org/officeDocument/2006/relationships/printerSettings
14:51:47.575 [main] DEBUG - using default POIXMLDocumentPart for http://schemas.openxmlformats.org/officeDocument/2006/relationships/printerSettings
14:51:47.925 [main] DEBUG - Parsing relationship: /xl/_rels/workbook.xml.rels
14:51:47.926 [main] DEBUG - Parsing relationship: /xl/worksheets/_rels/sheet1.xml.rels
14:51:47.926 [main] DEBUG - Parsing relationship: /xl/worksheets/_rels/sheet2.xml.rels
14:51:47.926 [main] DEBUG - Parsing relationship: /xl/worksheets/_rels/sheet3.xml.rels
14:51:47.931 [main] DEBUG - Parsing relationship: /_rels/.rels
14:51:47.949 [main] DEBUG - using default POIXMLDocumentPart for http://schemas.openxmlformats.org/officeDocument/2006/relationships/printerSettings
14:51:47.949 [main] DEBUG - using default POIXMLDocumentPart for http://schemas.openxmlformats.org/officeDocument/2006/relationships/printerSettings
14:51:48.339 [main] DEBUG - Parsing relationship: /xl/_rels/workbook.xml.rels
14:51:48.342 [main] DEBUG - Parsing relationship: /xl/worksheets/_rels/sheet1.xml.rels
14:51:48.343 [main] DEBUG - Parsing relationship: /xl/worksheets/_rels/sheet2.xml.rels
14:51:48.345 [main] DEBUG - Parsing relationship: /xl/worksheets/_rels/sheet3.xml.rels
14:51:48.345 [main] DEBUG - Parsing relationship: /_rels/.rels
14:51:48.367 [main] DEBUG - using default POIXMLDocumentPart for http://schemas.openxmlformats.org/officeDocument/2006/relationships/printerSettings
14:51:48.368 [main] DEBUG - using default POIXMLDocumentPart for http://schemas.openxmlformats.org/officeDocument/2006/relationships/printerSettings
14:51:48.740 [main] DEBUG - Parsing relationship: /xl/_rels/workbook.xml.rels
14:51:48.742 [main] DEBUG - Parsing relationship: /xl/worksheets/_rels/sheet1.xml.rels
14:51:48.744 [main] DEBUG - Parsing relationship: /xl/worksheets/_rels/sheet2.xml.rels
14:51:48.744 [main] DEBUG - Parsing relationship: /xl/worksheets/_rels/sheet3.xml.rels
14:51:48.744 [main] DEBUG - Parsing relationship: /_rels/.rels
14:51:48.759 [main] DEBUG - using default POIXMLDocumentPart for http://schemas.openxmlformats.org/officeDocument/2006/relationships/printerSettings
14:51:48.759 [main] DEBUG - using default POIXMLDocumentPart for http://schemas.openxmlformats.org/officeDocument/2006/relationships/printerSettings
14:51:49.148 [main] DEBUG - Parsing relationship: /xl/_rels/workbook.xml.rels
14:51:49.148 [main] DEBUG - Parsing relationship: /xl/worksheets/_rels/sheet1.xml.rels
14:51:49.151 [main] DEBUG - Parsing relationship: /xl/worksheets/_rels/sheet2.xml.rels
14:51:49.151 [main] DEBUG - Parsing relationship: /xl/worksheets/_rels/sheet3.xml.rels
14:51:49.153 [main] DEBUG - Parsing relationship: /_rels/.rels
14:51:49.179 [main] DEBUG - using default POIXMLDocumentPart for http://schemas.openxmlformats.org/officeDocument/2006/relationships/printerSettings
14:51:49.179 [main] DEBUG - using default POIXMLDocumentPart for http://schemas.openxmlformats.org/officeDocument/2006/relationships/printerSettings
14:51:49.609 [main] DEBUG - Parsing relationship: /xl/_rels/workbook.xml.rels
14:51:49.609 [main] DEBUG - Parsing relationship: /xl/worksheets/_rels/sheet1.xml.rels
14:51:49.609 [main] DEBUG - Parsing relationship: /xl/worksheets/_rels/sheet2.xml.rels
14:51:49.609 [main] DEBUG - Parsing relationship: /xl/worksheets/_rels/sheet3.xml.rels
14:51:49.609 [main] DEBUG - Parsing relationship: /_rels/.rels
14:51:49.627 [main] DEBUG - using default POIXMLDocumentPart for http://schemas.openxmlformats.org/officeDocument/2006/relationships/printerSettings
14:51:49.627 [main] DEBUG - using default POIXMLDocumentPart for http://schemas.openxmlformats.org/officeDocument/2006/relationships/printerSettings
14:51:50.119 [main] DEBUG - Parsing relationship: /xl/_rels/workbook.xml.rels
14:51:50.121 [main] DEBUG - Parsing relationship: /xl/worksheets/_rels/sheet1.xml.rels
14:51:50.121 [main] DEBUG - Parsing relationship: /xl/worksheets/_rels/sheet2.xml.rels
14:51:50.121 [main] DEBUG - Parsing relationship: /xl/worksheets/_rels/sheet3.xml.rels
14:51:50.126 [main] DEBUG - Parsing relationship: /_rels/.rels
14:51:50.140 [main] DEBUG - using default POIXMLDocumentPart for http://schemas.openxmlformats.org/officeDocument/2006/relationships/printerSettings
14:51:50.140 [main] DEBUG - using default POIXMLDocumentPart for http://schemas.openxmlformats.org/officeDocument/2006/relationships/printerSettings
14:51:50.595 [main] DEBUG - Parsing relationship: /xl/_rels/workbook.xml.rels
14:51:50.595 [main] DEBUG - Parsing relationship: /xl/worksheets/_rels/sheet1.xml.rels
14:51:50.595 [main] DEBUG - Parsing relationship: /xl/worksheets/_rels/sheet2.xml.rels
14:51:50.603 [main] DEBUG - Parsing relationship: /xl/worksheets/_rels/sheet3.xml.rels
14:51:50.603 [main] DEBUG - Parsing relationship: /_rels/.rels
14:51:50.619 [main] DEBUG - using default POIXMLDocumentPart for http://schemas.openxmlformats.org/officeDocument/2006/relationships/printerSettings
14:51:50.619 [main] DEBUG - using default POIXMLDocumentPart for http://schemas.openxmlformats.org/officeDocument/2006/relationships/printerSettings
14:51:51.083 [main] DEBUG - Parsing relationship: /xl/_rels/workbook.xml.rels
14:51:51.083 [main] DEBUG - Parsing relationship: /xl/worksheets/_rels/sheet1.xml.rels
14:51:51.083 [main] DEBUG - Parsing relationship: /xl/worksheets/_rels/sheet2.xml.rels
14:51:51.083 [main] DEBUG - Parsing relationship: /xl/worksheets/_rels/sheet3.xml.rels
14:51:51.083 [main] DEBUG - Parsing relationship: /_rels/.rels
14:51:51.094 [main] DEBUG - using default POIXMLDocumentPart for http://schemas.openxmlformats.org/officeDocument/2006/relationships/printerSettings
14:51:51.094 [main] DEBUG - using default POIXMLDocumentPart for http://schemas.openxmlformats.org/officeDocument/2006/relationships/printerSettings
14:51:51.487 [main] DEBUG - Parsing relationship: /xl/_rels/workbook.xml.rels
14:51:51.487 [main] DEBUG - Parsing relationship: /xl/worksheets/_rels/sheet1.xml.rels
14:51:51.490 [main] DEBUG - Parsing relationship: /xl/worksheets/_rels/sheet2.xml.rels
14:51:51.490 [main] DEBUG - Parsing relationship: /xl/worksheets/_rels/sheet3.xml.rels
14:51:51.490 [main] DEBUG - Parsing relationship: /_rels/.rels
14:51:51.507 [main] DEBUG - using default POIXMLDocumentPart for http://schemas.openxmlformats.org/officeDocument/2006/relationships/printerSettings
14:51:51.512 [main] DEBUG - using default POIXMLDocumentPart for http://schemas.openxmlformats.org/officeDocument/2006/relationships/printerSettings
14:55:30.502 [main] DEBUG - Parsing relationship: /xl/_rels/workbook.xml.rels
14:55:30.507 [main] DEBUG - Parsing relationship: /xl/worksheets/_rels/sheet1.xml.rels
14:55:30.508 [main] DEBUG - Parsing relationship: /xl/worksheets/_rels/sheet2.xml.rels
14:55:30.509 [main] DEBUG - Parsing relationship: /xl/worksheets/_rels/sheet3.xml.rels
14:55:30.509 [main] DEBUG - Parsing relationship: /_rels/.rels
14:55:30.625 [main] TRACE - Loading type system org.apache.poi.schemas.ooxml.system.ooxml
14:55:30.627 [main] TRACE - Loading type system org.apache.xmlbeans.metadata.system.sXMLCONFIG
14:55:30.627 [main] TRACE - Loading type system org.apache.xmlbeans.metadata.system.sXMLLANG
14:55:30.627 [main] TRACE - Loading type system org.apache.xmlbeans.metadata.system.sXMLSCHEMA
14:55:30.627 [main] TRACE - Loading type system org.apache.xmlbeans.metadata.system.sXMLTOOLS
14:55:30.629 [main] TRACE - Reading unresolved handles for type system org.apache.xmlbeans.metadata.system.sXMLTOOLS
14:55:30.637 [main] TRACE - Finished loading type system org.apache.xmlbeans.metadata.system.sXMLTOOLS
14:55:30.637 [main] TRACE - Reading unresolved handles for type system org.apache.xmlbeans.metadata.system.sXMLSCHEMA
14:55:30.642 [main] TRACE - Finished loading type system org.apache.xmlbeans.metadata.system.sXMLSCHEMA
14:55:30.642 [main] TRACE - Reading unresolved handles for type system org.apache.xmlbeans.metadata.system.sXMLLANG
14:55:30.644 [main] TRACE - Finished loading type system org.apache.xmlbeans.metadata.system.sXMLLANG
14:55:30.645 [main] TRACE - Reading unresolved handles for type system org.apache.xmlbeans.metadata.system.sXMLCONFIG
14:55:30.645 [main] TRACE - Finished loading type system org.apache.xmlbeans.metadata.system.sXMLCONFIG
14:55:30.646 [main] TRACE - Reading unresolved handles for type system org.apache.poi.schemas.ooxml.system.ooxml
14:55:30.695 [main] TRACE - Finished loading type system org.apache.poi.schemas.ooxml.system.ooxml
14:55:30.696 [main] TRACE - Resolving type for handle themefd26doctype
14:55:30.740 [main] TRACE - Resolving type for handle stylesheet5d8bdoctype
14:55:30.744 [main] TRACE - Resolving type for handle ctstylesheet4257type
14:55:30.749 [main] TRACE - Resolving type for handle ctfonts6623type
14:55:30.752 [main] TRACE - Resolving type for handle ctfont14d8type
14:55:30.756 [main] TRACE - Resolving type for handle ctfills2c6ftype
14:55:30.757 [main] TRACE - Resolving type for handle ctfill550ctype
14:55:30.759 [main] TRACE - Resolving type for handle ctborders0d66type
14:55:30.761 [main] TRACE - Resolving type for handle ctborderf935type
14:55:30.763 [main] TRACE - Resolving type for handle ctcellxfs1322type
14:55:30.765 [main] TRACE - Resolving type for handle ctxf97f7type
14:55:30.767 [main] TRACE - Resolving type for handle ctcellstylexfsa81ftype
14:55:30.768 [main] TRACE - Resolving type for handle ctdxfsb26atype
14:55:30.769 [main] TRACE - Resolving type for handle cttablestyles872ftype
14:55:30.772 [main] TRACE - Resolving type for handle sstf81fdoctype
14:55:30.776 [main] TRACE - Resolving type for handle ctsst44f3type
14:55:30.783 [main] TRACE - Resolving type for handle ctrsta472type
14:55:30.801 [main] DEBUG - using default POIXMLDocumentPart for http://schemas.openxmlformats.org/officeDocument/2006/relationships/printerSettings
14:55:30.801 [main] DEBUG - using default POIXMLDocumentPart for http://schemas.openxmlformats.org/officeDocument/2006/relationships/printerSettings
14:55:30.802 [main] TRACE - Resolving type for handle workbookec17doctype
14:55:30.806 [main] TRACE - Resolving type for handle ctworkbook83c3type
14:55:30.808 [main] TRACE - Resolving type for handle ctsheets49fdtype
14:55:30.810 [main] TRACE - Resolving type for handle ctsheet4dbetype
14:55:30.811 [main] TRACE - Resolving type for handle strelationshipid1e94type
14:55:30.814 [main] TRACE - Resolving type for handle worksheetf539doctype
14:55:30.818 [main] TRACE - Resolving type for handle ctworksheet530dtype
14:55:30.825 [main] TRACE - Resolving type for handle ctcols627ctype
14:55:30.828 [main] TRACE - Resolving type for handle ctcola95ftype
14:55:30.839 [main] TRACE - Resolving type for handle ctsheetdata8408type
14:55:30.844 [main] TRACE - Resolving type for handle ctrowdd39type
14:55:30.848 [main] TRACE - Resolving type for handle ctcell842btype
14:55:30.852 [main] TRACE - Resolving type for handle stcellrefe4e0type
14:55:30.858 [main] TRACE - Resolving type for handle cthyperlinks6416type
14:55:30.860 [main] TRACE - Resolving type for handle cthyperlink0c85type
14:55:30.882 [main] TRACE - Resolving type for handle stxstringf179type
14:55:30.884 [main] TRACE - Resolving type for handle stcelltypebf95type
14:55:31.101 [main] DEBUG - Parsing relationship: /xl/_rels/workbook.xml.rels
14:55:31.102 [main] DEBUG - Parsing relationship: /xl/worksheets/_rels/sheet1.xml.rels
14:55:31.103 [main] DEBUG - Parsing relationship: /xl/worksheets/_rels/sheet2.xml.rels
14:55:31.104 [main] DEBUG - Parsing relationship: /xl/worksheets/_rels/sheet3.xml.rels
14:55:31.104 [main] DEBUG - Parsing relationship: /_rels/.rels
